<?xml version="1.0" encoding="UTF-8"?>
<TestRun id="88af8718-9beb-47fc-89da-8386c48f5d3d" name="Administrator@WCS-DEMO01 2013-05-01 16:55:06" runUser="WCS-DEMO01\Administrator" xmlns="http://microsoft.com/schemas/VisualStudio/TeamTest/2010">
  <TestSettings name="Default Test Settings" id="8bfd6269-731e-444f-85ad-8f58f97e2f63">
    <Execution>
      <TestTypeSpecific />
      <AgentRule name="Execution Agents">
      </AgentRule>
    </Execution>
    <Deployment runDeploymentRoot="Administrator_WCS-DEMO01 2013-05-01 16_55_06" />
  </TestSettings>
  <Times creation="2013-05-01T16:55:06.7682873+01:00" queuing="2013-05-01T16:55:08.0808461+01:00" start="2013-05-01T16:55:08.2058517+01:00" finish="2013-05-01T16:55:41.0198217+01:00" />
  <ResultSummary outcome="Failed">
    <Counters total="59" executed="59" passed="58" error="0" failed="1" timeout="0" aborted="0" inconclusive="0" passedButRunAborted="0" notRunnable="0" notExecuted="0" disconnected="0" warning="0" completed="0" inProgress="0" pending="0" />
  </ResultSummary>
  <TestDefinitions>
    <UnitTest name="NoteOutTest" storage="../../../server/wcs.services.test/bin/debug/wcs.services.test.dll" id="b165b39e-5b0c-abea-5b39-75b39d4ee541">
      <Execution id="8a62929d-ab13-4041-b115-9e548e40586d" />
      <TestMethod codeBase="C:/TFS/WCS/Content/Code/Server/WCS.Services.Test/bin/Debug/WCS.Services.Test.DLL" adapterTypeName="Microsoft.VisualStudio.TestTools.TestTypes.Unit.UnitTestAdapter, Microsoft.VisualStudio.QualityTools.Tips.UnitTest.Adapter, Version=10.0.0.0, Culture=neutral, PublicKeyToken=b03f5f7f11d50a3a" className="WCS.Services.Test.TimelineCoordinatorTest, WCS.Services.Test, Version=3.1.0.3, Culture=neutral, PublicKeyToken=null" name="NoteOutTest" />
    </UnitTest>
    <UnitTest name="FilterByOrderStatusTest" storage="../../../server/wcs.services.test/bin/debug/wcs.services.test.dll" id="1ceadb69-45fb-9717-0bfb-587b493621bd">
      <Execution id="d865ae78-96c0-4c69-9e7b-56b622189f2f" />
      <TestMethod codeBase="C:/TFS/WCS/Content/Code/Server/WCS.Services.Test/bin/Debug/WCS.Services.Test.DLL" adapterTypeName="Microsoft.VisualStudio.TestTools.TestTypes.Unit.UnitTestAdapter, Microsoft.VisualStudio.QualityTools.Tips.UnitTest.Adapter, Version=10.0.0.0, Culture=neutral, PublicKeyToken=b03f5f7f11d50a3a" className="WCS.Services.Test.DepartmentOrderObservableCollectionTests, WCS.Services.Test, Version=3.1.0.3, Culture=neutral, PublicKeyToken=null" name="FilterByOrderStatusTest" />
    </UnitTest>
    <UnitTest name="HideUnhideOrderTest" storage="../../../server/wcs.services.test/bin/debug/wcs.services.test.dll" id="706b359a-a6a6-75cb-07b9-35e158a1398a">
      <Execution id="576c3661-1963-43fe-aa1f-3abf36bb664f" />
      <TestMethod codeBase="C:/TFS/WCS/Content/Code/Server/WCS.Services.Test/bin/Debug/WCS.Services.Test.DLL" adapterTypeName="Microsoft.VisualStudio.TestTools.TestTypes.Unit.UnitTestAdapter, Microsoft.VisualStudio.QualityTools.Tips.UnitTest.Adapter, Version=10.0.0.0, Culture=neutral, PublicKeyToken=b03f5f7f11d50a3a" className="WCS.Services.Test.OrdersTest, WCS.Services.Test, Version=3.1.0.3, Culture=neutral, PublicKeyToken=null" name="HideUnhideOrderTest" />
    </UnitTest>
    <UnitTest name="DeleteNoteFailTest" storage="../../../server/wcs.services.test/bin/debug/wcs.services.test.dll" id="703caea2-6165-0939-d3ef-9b61c5e6abff">
      <Execution id="af955e51-026a-4ed8-a49e-4c0e67716835" />
      <TestMethod codeBase="C:/TFS/WCS/Content/Code/Server/WCS.Services.Test/bin/Debug/WCS.Services.Test.DLL" adapterTypeName="Microsoft.VisualStudio.TestTools.TestTypes.Unit.UnitTestAdapter, Microsoft.VisualStudio.QualityTools.Tips.UnitTest.Adapter, Version=10.0.0.0, Culture=neutral, PublicKeyToken=b03f5f7f11d50a3a" className="WCS.Services.Test.CleanTest, WCS.Services.Test, Version=3.1.0.3, Culture=neutral, PublicKeyToken=null" name="DeleteNoteFailTest" />
    </UnitTest>
    <UnitTest name="FilterByAdmissionStatusTest" storage="../../../server/wcs.services.test/bin/debug/wcs.services.test.dll" id="147579d1-0816-7d01-6737-d0c879871a05">
      <Execution id="cb48d03d-8718-4c95-8235-f425838284a5" />
      <TestMethod codeBase="C:/TFS/WCS/Content/Code/Server/WCS.Services.Test/bin/Debug/WCS.Services.Test.DLL" adapterTypeName="Microsoft.VisualStudio.TestTools.TestTypes.Unit.UnitTestAdapter, Microsoft.VisualStudio.QualityTools.Tips.UnitTest.Adapter, Version=10.0.0.0, Culture=neutral, PublicKeyToken=b03f5f7f11d50a3a" className="WCS.Services.Test.DepartmentOrderObservableCollectionTests, WCS.Services.Test, Version=3.1.0.3, Culture=neutral, PublicKeyToken=null" name="FilterByAdmissionStatusTest" />
    </UnitTest>
    <UnitTest name="UpdateProcedureTimeTest" storage="../../../server/wcs.services.test/bin/debug/wcs.services.test.dll" id="5ee44f0b-f581-d009-1bb2-ef38afd0bdc0">
      <Execution id="fe2d5546-4582-42dc-83ac-d91aa16474da" />
      <TestMethod codeBase="C:/TFS/WCS/Content/Code/Server/WCS.Services.Test/bin/Debug/WCS.Services.Test.DLL" adapterTypeName="Microsoft.VisualStudio.TestTools.TestTypes.Unit.UnitTestAdapter, Microsoft.VisualStudio.QualityTools.Tips.UnitTest.Adapter, Version=10.0.0.0, Culture=neutral, PublicKeyToken=b03f5f7f11d50a3a" className="WCS.Services.Test.OrdersTest, WCS.Services.Test, Version=3.1.0.3, Culture=neutral, PublicKeyToken=null" name="UpdateProcedureTimeTest" />
    </UnitTest>
    <UnitTest name="OrderCompletedTest" storage="../../../server/wcs.services.test/bin/debug/wcs.services.test.dll" id="807586a3-dd80-e35a-be55-8a7820ed2e2a">
      <Execution id="177e24ba-26af-4063-b4cd-3a2e1505b0c8" />
      <TestMethod codeBase="C:/TFS/WCS/Content/Code/Server/WCS.Services.Test/bin/Debug/WCS.Services.Test.DLL" adapterTypeName="Microsoft.VisualStudio.TestTools.TestTypes.Unit.UnitTestAdapter, Microsoft.VisualStudio.QualityTools.Tips.UnitTest.Adapter, Version=10.0.0.0, Culture=neutral, PublicKeyToken=b03f5f7f11d50a3a" className="WCS.Services.Test.TimelineCoordinatorTest, WCS.Services.Test, Version=3.1.0.3, Culture=neutral, PublicKeyToken=null" name="OrderCompletedTest" />
    </UnitTest>
    <UnitTest name="AcknowledgeNotificationTest" storage="../../../server/wcs.services.test/bin/debug/wcs.services.test.dll" id="ac28ed18-7833-2249-071f-de031c631001">
      <Execution id="0b92bc7b-8014-4e31-ac0c-67bb515b2d78" />
      <TestMethod codeBase="C:/TFS/WCS/Content/Code/Server/WCS.Services.Test/bin/Debug/WCS.Services.Test.DLL" adapterTypeName="Microsoft.VisualStudio.TestTools.TestTypes.Unit.UnitTestAdapter, Microsoft.VisualStudio.QualityTools.Tips.UnitTest.Adapter, Version=10.0.0.0, Culture=neutral, PublicKeyToken=b03f5f7f11d50a3a" className="WCS.Services.Test.OrdersTest, WCS.Services.Test, Version=3.1.0.3, Culture=neutral, PublicKeyToken=null" name="AcknowledgeNotificationTest" />
    </UnitTest>
    <UnitTest name="DeleteNoteFailTest" storage="../../../server/wcs.services.test/bin/debug/wcs.services.test.dll" id="2ed6a8bd-1f45-d715-61c1-545276912be4">
      <Execution id="247b746d-4635-4515-98ba-89d2f1d3313d" />
      <TestMethod codeBase="C:/TFS/WCS/Content/Code/Server/WCS.Services.Test/bin/Debug/WCS.Services.Test.DLL" adapterTypeName="Microsoft.VisualStudio.TestTools.TestTypes.Unit.UnitTestAdapter, Microsoft.VisualStudio.QualityTools.Tips.UnitTest.Adapter, Version=10.0.0.0, Culture=neutral, PublicKeyToken=b03f5f7f11d50a3a" className="WCS.Services.Test.OrdersTest, WCS.Services.Test, Version=3.1.0.3, Culture=neutral, PublicKeyToken=null" name="DeleteNoteFailTest" />
    </UnitTest>
    <UnitTest name="FilterByOrderStatusWithHiddenFlagTest" storage="../../../server/wcs.services.test/bin/debug/wcs.services.test.dll" id="b6528b9d-e903-1b26-d4c9-51bbd40b6112">
      <Execution id="0cfb6c14-552e-4130-9095-5ffd26067ccd" />
      <TestMethod codeBase="C:/TFS/WCS/Content/Code/Server/WCS.Services.Test/bin/Debug/WCS.Services.Test.DLL" adapterTypeName="Microsoft.VisualStudio.TestTools.TestTypes.Unit.UnitTestAdapter, Microsoft.VisualStudio.QualityTools.Tips.UnitTest.Adapter, Version=10.0.0.0, Culture=neutral, PublicKeyToken=b03f5f7f11d50a3a" className="WCS.Services.Test.DepartmentOrderObservableCollectionTests, WCS.Services.Test, Version=3.1.0.3, Culture=neutral, PublicKeyToken=null" name="FilterByOrderStatusWithHiddenFlagTest" />
    </UnitTest>
    <UnitTest name="FilterByOrderStatusTest" storage="../../../server/wcs.services.test/bin/debug/wcs.services.test.dll" id="b0e39bf3-43ea-a19c-d6f5-eff49b5d247c">
      <Execution id="e625ddfb-ee85-4b15-bfcc-c419a8b42011" />
      <TestMethod codeBase="C:/TFS/WCS/Content/Code/Server/WCS.Services.Test/bin/Debug/WCS.Services.Test.DLL" adapterTypeName="Microsoft.VisualStudio.TestTools.TestTypes.Unit.UnitTestAdapter, Microsoft.VisualStudio.QualityTools.Tips.UnitTest.Adapter, Version=10.0.0.0, Culture=neutral, PublicKeyToken=b03f5f7f11d50a3a" className="WCS.Services.Test.ViewModel.DepartmentPatientObservableCollectionTests, WCS.Services.Test, Version=3.1.0.3, Culture=neutral, PublicKeyToken=null" name="FilterByOrderStatusTest" />
    </UnitTest>
    <UnitTest name="CheckEstimatedDischargeDateTest" storage="../../../server/wcs.services.test/bin/debug/wcs.services.test.dll" id="83bcbc0b-361b-e46e-9078-10b2342962a1">
      <Execution id="2854f102-9a47-4e1b-af68-e18b96643ba2" />
      <TestMethod codeBase="C:/TFS/WCS/Content/Code/Server/WCS.Services.Test/bin/Debug/WCS.Services.Test.DLL" adapterTypeName="Microsoft.VisualStudio.TestTools.TestTypes.Unit.UnitTestAdapter, Microsoft.VisualStudio.QualityTools.Tips.UnitTest.Adapter, Version=10.0.0.0, Culture=neutral, PublicKeyToken=b03f5f7f11d50a3a" className="WCS.Services.Test.CleanTest, WCS.Services.Test, Version=3.1.0.3, Culture=neutral, PublicKeyToken=null" name="CheckEstimatedDischargeDateTest" />
    </UnitTest>
    <UnitTest name="RelatedOrdersTest" storage="../../../server/wcs.services.test/bin/debug/wcs.services.test.dll" id="aa578b34-4332-1a73-0f9c-1cecca014087">
      <Execution id="78d312e1-7418-44bc-bdf7-ea049c038fa4" />
      <TestMethod codeBase="C:/TFS/WCS/Content/Code/Server/WCS.Services.Test/bin/Debug/WCS.Services.Test.DLL" adapterTypeName="Microsoft.VisualStudio.TestTools.TestTypes.Unit.UnitTestAdapter, Microsoft.VisualStudio.QualityTools.Tips.UnitTest.Adapter, Version=10.0.0.0, Culture=neutral, PublicKeyToken=b03f5f7f11d50a3a" className="WCS.Services.Test.OrdersTest, WCS.Services.Test, Version=3.1.0.3, Culture=neutral, PublicKeyToken=null" name="RelatedOrdersTest" />
    </UnitTest>
    <UnitTest name="SyncronizeProcedureTimeTest" storage="../../../server/wcs.services.test/bin/debug/wcs.services.test.dll" id="7a7a3263-10ac-0d9d-dc5c-c34b5219adf5">
      <Execution id="a05f91d8-1d59-4d89-a4f0-3335919ee7a9" />
      <TestMethod codeBase="C:/TFS/WCS/Content/Code/Server/WCS.Services.Test/bin/Debug/WCS.Services.Test.DLL" adapterTypeName="Microsoft.VisualStudio.TestTools.TestTypes.Unit.UnitTestAdapter, Microsoft.VisualStudio.QualityTools.Tips.UnitTest.Adapter, Version=10.0.0.0, Culture=neutral, PublicKeyToken=b03f5f7f11d50a3a" className="WCS.Services.Test.OrderViewModelTest, WCS.Services.Test, Version=3.1.0.3, Culture=neutral, PublicKeyToken=null" name="SyncronizeProcedureTimeTest" />
    </UnitTest>
    <UnitTest name="UpdateProcedureTimeWithSyncronizationDuringUpdateTest" storage="../../../server/wcs.services.test/bin/debug/wcs.services.test.dll" id="9fd5787b-1fba-b8fb-7877-005945c878de">
      <Execution id="eebf79cf-43ca-4837-9e22-a12031448a1c" />
      <TestMethod codeBase="C:/TFS/WCS/Content/Code/Server/WCS.Services.Test/bin/Debug/WCS.Services.Test.DLL" adapterTypeName="Microsoft.VisualStudio.TestTools.TestTypes.Unit.UnitTestAdapter, Microsoft.VisualStudio.QualityTools.Tips.UnitTest.Adapter, Version=10.0.0.0, Culture=neutral, PublicKeyToken=b03f5f7f11d50a3a" className="WCS.Services.Test.OrderViewModelTest, WCS.Services.Test, Version=3.1.0.3, Culture=neutral, PublicKeyToken=null" name="UpdateProcedureTimeWithSyncronizationDuringUpdateTest" />
    </UnitTest>
    <UnitTest name="CheckOrdersForPatientWithTwoAdmissionsTest" storage="../../../server/wcs.services.test/bin/debug/wcs.services.test.dll" id="d4ebea90-2572-8675-7029-24a6b9f7912f">
      <Execution id="0a60c91e-b684-472a-aad4-24ccb0458c12" />
      <TestMethod codeBase="C:/TFS/WCS/Content/Code/Server/WCS.Services.Test/bin/Debug/WCS.Services.Test.DLL" adapterTypeName="Microsoft.VisualStudio.TestTools.TestTypes.Unit.UnitTestAdapter, Microsoft.VisualStudio.QualityTools.Tips.UnitTest.Adapter, Version=10.0.0.0, Culture=neutral, PublicKeyToken=b03f5f7f11d50a3a" className="WCS.Services.Test.OrdersTest, WCS.Services.Test, Version=3.1.0.3, Culture=neutral, PublicKeyToken=null" name="CheckOrdersForPatientWithTwoAdmissionsTest" />
    </UnitTest>
    <UnitTest name="MarkBedAsCleanDirtyTest" storage="../../../server/wcs.services.test/bin/debug/wcs.services.test.dll" id="1398ab92-924d-163f-bfbc-a6f5fe0e5f5b">
      <Execution id="891df08f-dcd6-4a63-bb71-aab03d252dc7" />
      <TestMethod codeBase="C:/TFS/WCS/Content/Code/Server/WCS.Services.Test/bin/Debug/WCS.Services.Test.DLL" adapterTypeName="Microsoft.VisualStudio.TestTools.TestTypes.Unit.UnitTestAdapter, Microsoft.VisualStudio.QualityTools.Tips.UnitTest.Adapter, Version=10.0.0.0, Culture=neutral, PublicKeyToken=b03f5f7f11d50a3a" className="WCS.Services.Test.CleanTest, WCS.Services.Test, Version=3.1.0.3, Culture=neutral, PublicKeyToken=null" name="MarkBedAsCleanDirtyTest" />
    </UnitTest>
    <UnitTest name="GetOrdersForOneDepartmentTest" storage="../../../server/wcs.services.test/bin/debug/wcs.services.test.dll" id="6acbb951-eb71-fb99-8ddf-ab7f75a91729">
      <Execution id="76ad0897-9d62-4326-9bf5-275f116de6fd" />
      <TestMethod codeBase="C:/TFS/WCS/Content/Code/Server/WCS.Services.Test/bin/Debug/WCS.Services.Test.DLL" adapterTypeName="Microsoft.VisualStudio.TestTools.TestTypes.Unit.UnitTestAdapter, Microsoft.VisualStudio.QualityTools.Tips.UnitTest.Adapter, Version=10.0.0.0, Culture=neutral, PublicKeyToken=b03f5f7f11d50a3a" className="WCS.Services.Test.OrdersTest, WCS.Services.Test, Version=3.1.0.3, Culture=neutral, PublicKeyToken=null" name="GetOrdersForOneDepartmentTest" />
    </UnitTest>
    <UnitTest name="GetAllGetDischargesBedDataTest" storage="../../../server/wcs.services.test/bin/debug/wcs.services.test.dll" id="adca6ef4-26ca-d134-e987-7c004554926e">
      <Execution id="5412c910-dc37-4f8e-9927-0e12a6e5e174" />
      <TestMethod codeBase="C:/TFS/WCS/Content/Code/Server/WCS.Services.Test/bin/Debug/WCS.Services.Test.DLL" adapterTypeName="Microsoft.VisualStudio.TestTools.TestTypes.Unit.UnitTestAdapter, Microsoft.VisualStudio.QualityTools.Tips.UnitTest.Adapter, Version=10.0.0.0, Culture=neutral, PublicKeyToken=b03f5f7f11d50a3a" className="WCS.Services.Test.DischargesTest, WCS.Services.Test, Version=3.1.0.3, Culture=neutral, PublicKeyToken=null" name="GetAllGetDischargesBedDataTest" />
    </UnitTest>
    <UnitTest name="CheckPatientRadiationRiskTest" storage="../../../server/wcs.services.test/bin/debug/wcs.services.test.dll" id="5d2f9417-1f36-e1be-26e0-1ddd5ac50a01">
      <Execution id="b40cc7da-584c-45ad-bd22-d12b26369ed5" />
      <TestMethod codeBase="C:/TFS/WCS/Content/Code/Server/WCS.Services.Test/bin/Debug/WCS.Services.Test.DLL" adapterTypeName="Microsoft.VisualStudio.TestTools.TestTypes.Unit.UnitTestAdapter, Microsoft.VisualStudio.QualityTools.Tips.UnitTest.Adapter, Version=10.0.0.0, Culture=neutral, PublicKeyToken=b03f5f7f11d50a3a" className="WCS.Services.Test.OrdersTest, WCS.Services.Test, Version=3.1.0.3, Culture=neutral, PublicKeyToken=null" name="CheckPatientRadiationRiskTest" />
    </UnitTest>
    <UnitTest name="GetAllFreeBedTimesForDateTest" storage="../../../server/wcs.services.test/bin/debug/wcs.services.test.dll" id="16c84594-d480-7fae-20c2-e012b3376244">
      <Execution id="b922c777-8beb-4cf1-811c-31cf84bcbc21" />
      <TestMethod codeBase="C:/TFS/WCS/Content/Code/Server/WCS.Services.Test/bin/Debug/WCS.Services.Test.DLL" adapterTypeName="Microsoft.VisualStudio.TestTools.TestTypes.Unit.UnitTestAdapter, Microsoft.VisualStudio.QualityTools.Tips.UnitTest.Adapter, Version=10.0.0.0, Culture=neutral, PublicKeyToken=b03f5f7f11d50a3a" className="WCS.Services.Test.CleanTest, WCS.Services.Test, Version=3.1.0.3, Culture=neutral, PublicKeyToken=null" name="GetAllFreeBedTimesForDateTest" />
    </UnitTest>
    <UnitTest name="SyncronizeAndThenUpdateProcedureTimeTest" storage="../../../server/wcs.services.test/bin/debug/wcs.services.test.dll" id="86000e48-b18e-94a0-5184-f2457dcc7ac6">
      <Execution id="9672ca8d-729a-492d-a2c6-963ce2efe59b" />
      <TestMethod codeBase="C:/TFS/WCS/Content/Code/Server/WCS.Services.Test/bin/Debug/WCS.Services.Test.DLL" adapterTypeName="Microsoft.VisualStudio.TestTools.TestTypes.Unit.UnitTestAdapter, Microsoft.VisualStudio.QualityTools.Tips.UnitTest.Adapter, Version=10.0.0.0, Culture=neutral, PublicKeyToken=b03f5f7f11d50a3a" className="WCS.Services.Test.OrderViewModelTest, WCS.Services.Test, Version=3.1.0.3, Culture=neutral, PublicKeyToken=null" name="SyncronizeAndThenUpdateProcedureTimeTest" />
    </UnitTest>
    <UnitTest name="FilterByLocationTest" storage="../../../server/wcs.services.test/bin/debug/wcs.services.test.dll" id="94a7e3d7-1537-ec4c-f18f-0881118cd982">
      <Execution id="1ceaf917-7e9c-457e-a33c-18496a63467e" />
      <TestMethod codeBase="C:/TFS/WCS/Content/Code/Server/WCS.Services.Test/bin/Debug/WCS.Services.Test.DLL" adapterTypeName="Microsoft.VisualStudio.TestTools.TestTypes.Unit.UnitTestAdapter, Microsoft.VisualStudio.QualityTools.Tips.UnitTest.Adapter, Version=10.0.0.0, Culture=neutral, PublicKeyToken=b03f5f7f11d50a3a" className="WCS.Services.Test.DepartmentOrderObservableCollectionTests, WCS.Services.Test, Version=3.1.0.3, Culture=neutral, PublicKeyToken=null" name="FilterByLocationTest" />
    </UnitTest>
    <UnitTest name="FilterByLocationTest" storage="../../../server/wcs.services.test/bin/debug/wcs.services.test.dll" id="de2cd584-4eca-b743-8342-64583efb12aa">
      <Execution id="d5bd8542-dfe5-4dab-a7b0-1ebccce85c8f" />
      <TestMethod codeBase="C:/TFS/WCS/Content/Code/Server/WCS.Services.Test/bin/Debug/WCS.Services.Test.DLL" adapterTypeName="Microsoft.VisualStudio.TestTools.TestTypes.Unit.UnitTestAdapter, Microsoft.VisualStudio.QualityTools.Tips.UnitTest.Adapter, Version=10.0.0.0, Culture=neutral, PublicKeyToken=b03f5f7f11d50a3a" className="WCS.Services.Test.ViewModel.DepartmentPatientObservableCollectionTests, WCS.Services.Test, Version=3.1.0.3, Culture=neutral, PublicKeyToken=null" name="FilterByLocationTest" />
    </UnitTest>
    <UnitTest name="FilterByAdmissionTypeTest" storage="../../../server/wcs.services.test/bin/debug/wcs.services.test.dll" id="62824bc3-7f37-c130-ae0b-5298764213da">
      <Execution id="00d6b289-8eee-4658-a17c-d1f2feaf2e28" />
      <TestMethod codeBase="C:/TFS/WCS/Content/Code/Server/WCS.Services.Test/bin/Debug/WCS.Services.Test.DLL" adapterTypeName="Microsoft.VisualStudio.TestTools.TestTypes.Unit.UnitTestAdapter, Microsoft.VisualStudio.QualityTools.Tips.UnitTest.Adapter, Version=10.0.0.0, Culture=neutral, PublicKeyToken=b03f5f7f11d50a3a" className="WCS.Services.Test.DepartmentOrderObservableCollectionTests, WCS.Services.Test, Version=3.1.0.3, Culture=neutral, PublicKeyToken=null" name="FilterByAdmissionTypeTest" />
    </UnitTest>
    <UnitTest name="GetOrdersForAllLocationsTest" storage="../../../server/wcs.services.test/bin/debug/wcs.services.test.dll" id="90b6d056-82b8-5748-e91c-81b6feec3e65">
      <Execution id="6460d713-57ca-449d-b019-ffed80fd5314" />
      <TestMethod codeBase="C:/TFS/WCS/Content/Code/Server/WCS.Services.Test/bin/Debug/WCS.Services.Test.DLL" adapterTypeName="Microsoft.VisualStudio.TestTools.TestTypes.Unit.UnitTestAdapter, Microsoft.VisualStudio.QualityTools.Tips.UnitTest.Adapter, Version=10.0.0.0, Culture=neutral, PublicKeyToken=b03f5f7f11d50a3a" className="WCS.Services.Test.OrdersTest, WCS.Services.Test, Version=3.1.0.3, Culture=neutral, PublicKeyToken=null" name="GetOrdersForAllLocationsTest" />
    </UnitTest>
    <UnitTest name="GetConfigurationsTest" storage="../../../server/wcs.services.test/bin/debug/wcs.services.test.dll" id="cc1ce465-d746-70be-3add-9bf2f1ef0704">
      <Execution id="0cdf6d1e-ad43-499a-8547-0dea8e746b42" />
      <TestMethod codeBase="C:/TFS/WCS/Content/Code/Server/WCS.Services.Test/bin/Debug/WCS.Services.Test.DLL" adapterTypeName="Microsoft.VisualStudio.TestTools.TestTypes.Unit.UnitTestAdapter, Microsoft.VisualStudio.QualityTools.Tips.UnitTest.Adapter, Version=10.0.0.0, Culture=neutral, PublicKeyToken=b03f5f7f11d50a3a" className="WCS.Services.Test.ConfigurationTest, WCS.Services.Test, Version=3.1.0.3, Culture=neutral, PublicKeyToken=null" name="GetConfigurationsTest" />
    </UnitTest>
    <UnitTest name="InsertRfidDetectionsThatShouldHaveHappenedByNow" storage="../../../server/wcs.services.test/bin/debug/wcs.services.test.dll" id="e77a3200-2992-57c3-5b1a-5d48c5a58186">
      <Execution id="e3ac1d67-7bd0-450e-9a69-f1db3aeeb5c9" />
      <TestMethod codeBase="C:/TFS/WCS/Content/Code/Server/WCS.Services.Test/bin/Debug/WCS.Services.Test.DLL" adapterTypeName="Microsoft.VisualStudio.TestTools.TestTypes.Unit.UnitTestAdapter, Microsoft.VisualStudio.QualityTools.Tips.UnitTest.Adapter, Version=10.0.0.0, Culture=neutral, PublicKeyToken=b03f5f7f11d50a3a" className="WCS.Services.Test.DemoData, WCS.Services.Test, Version=3.1.0.3, Culture=neutral, PublicKeyToken=null" name="InsertRfidDetectionsThatShouldHaveHappenedByNow" />
    </UnitTest>
    <UnitTest name="BedWithTwoAdmissionsTodayShouldHaveAvailabilityBetweenThem" storage="../../../server/wcs.services.test/bin/debug/wcs.services.test.dll" id="f6e6002e-b898-9c6f-c8b7-21e24965b8a3">
      <Execution id="8f67c140-648e-47cf-8bd7-30d61c02820a" />
      <TestMethod codeBase="C:/TFS/WCS/Content/Code/Server/WCS.Services.Test/bin/Debug/WCS.Services.Test.DLL" adapterTypeName="Microsoft.VisualStudio.TestTools.TestTypes.Unit.UnitTestAdapter, Microsoft.VisualStudio.QualityTools.Tips.UnitTest.Adapter, Version=10.0.0.0, Culture=neutral, PublicKeyToken=b03f5f7f11d50a3a" className="WCS.Services.Test.CleanTest, WCS.Services.Test, Version=3.1.0.3, Culture=neutral, PublicKeyToken=null" name="BedWithTwoAdmissionsTodayShouldHaveAvailabilityBetweenThem" />
    </UnitTest>
    <UnitTest name="NotificationTypeToVisibilityConverterTest" storage="../../../server/wcs.services.test/bin/debug/wcs.services.test.dll" id="9b8d40e2-a4bb-0826-a917-2ab891e698a4">
      <Execution id="d73d9a39-8b26-42aa-bd88-ed28f350c3a2" />
      <TestMethod codeBase="C:/TFS/WCS/Content/Code/Server/WCS.Services.Test/bin/Debug/WCS.Services.Test.DLL" adapterTypeName="Microsoft.VisualStudio.TestTools.TestTypes.Unit.UnitTestAdapter, Microsoft.VisualStudio.QualityTools.Tips.UnitTest.Adapter, Version=10.0.0.0, Culture=neutral, PublicKeyToken=b03f5f7f11d50a3a" className="WCS.Services.Test.Convertors.NotificationConverterTest, WCS.Services.Test, Version=3.1.0.3, Culture=neutral, PublicKeyToken=null" name="NotificationTypeToVisibilityConverterTest" />
    </UnitTest>
    <UnitTest name="BedsWithNoAdmissionShouldBeAvailableAllDayTest" storage="../../../server/wcs.services.test/bin/debug/wcs.services.test.dll" id="523b7adc-ad80-0f78-7952-a9dae2ad02eb">
      <Execution id="66d01dc1-637e-4311-87a4-c9ddb74abba4" />
      <TestMethod codeBase="C:/TFS/WCS/Content/Code/Server/WCS.Services.Test/bin/Debug/WCS.Services.Test.DLL" adapterTypeName="Microsoft.VisualStudio.TestTools.TestTypes.Unit.UnitTestAdapter, Microsoft.VisualStudio.QualityTools.Tips.UnitTest.Adapter, Version=10.0.0.0, Culture=neutral, PublicKeyToken=b03f5f7f11d50a3a" className="WCS.Services.Test.CleanTest, WCS.Services.Test, Version=3.1.0.3, Culture=neutral, PublicKeyToken=null" name="BedsWithNoAdmissionShouldBeAvailableAllDayTest" />
    </UnitTest>
    <UnitTest name="AddDeleteNoteTest" storage="../../../server/wcs.services.test/bin/debug/wcs.services.test.dll" id="69e43193-dff0-9b53-8c23-823eac685799">
      <Execution id="c97a3ba1-851c-4aeb-bb94-881f2924e962" />
      <TestMethod codeBase="C:/TFS/WCS/Content/Code/Server/WCS.Services.Test/bin/Debug/WCS.Services.Test.DLL" adapterTypeName="Microsoft.VisualStudio.TestTools.TestTypes.Unit.UnitTestAdapter, Microsoft.VisualStudio.QualityTools.Tips.UnitTest.Adapter, Version=10.0.0.0, Culture=neutral, PublicKeyToken=b03f5f7f11d50a3a" className="WCS.Services.Test.CleanTest, WCS.Services.Test, Version=3.1.0.3, Culture=neutral, PublicKeyToken=null" name="AddDeleteNoteTest" />
    </UnitTest>
    <UnitTest name="PerformanceTest" storage="../../../server/wcs.services.test/bin/debug/wcs.services.test.dll" id="ba15989c-8180-569b-80a6-97e9754ff77a">
      <Execution id="3b5a3414-2545-489c-8f2f-7a5265c67d1b" />
      <TestMethod codeBase="C:/TFS/WCS/Content/Code/Server/WCS.Services.Test/bin/Debug/WCS.Services.Test.DLL" adapterTypeName="Microsoft.VisualStudio.TestTools.TestTypes.Unit.UnitTestAdapter, Microsoft.VisualStudio.QualityTools.Tips.UnitTest.Adapter, Version=10.0.0.0, Culture=neutral, PublicKeyToken=b03f5f7f11d50a3a" className="WCS.Services.Test.CleanTest, WCS.Services.Test, Version=3.1.0.3, Culture=neutral, PublicKeyToken=null" name="PerformanceTest" />
    </UnitTest>
    <UnitTest name="BedWithAdmissionYesterdayRequiresDeepCleanTest" storage="../../../server/wcs.services.test/bin/debug/wcs.services.test.dll" id="0bce5e76-a5ef-5b4b-35e3-68671967c55d">
      <Execution id="5a993771-1740-4be5-a76d-391d606993cb" />
      <TestMethod codeBase="C:/TFS/WCS/Content/Code/Server/WCS.Services.Test/bin/Debug/WCS.Services.Test.DLL" adapterTypeName="Microsoft.VisualStudio.TestTools.TestTypes.Unit.UnitTestAdapter, Microsoft.VisualStudio.QualityTools.Tips.UnitTest.Adapter, Version=10.0.0.0, Culture=neutral, PublicKeyToken=b03f5f7f11d50a3a" className="WCS.Services.Test.CleanTest, WCS.Services.Test, Version=3.1.0.3, Culture=neutral, PublicKeyToken=null" name="BedWithAdmissionYesterdayRequiresDeepCleanTest" />
    </UnitTest>
    <UnitTest name="LookAtOrderInDetailTest" storage="../../../server/wcs.services.test/bin/debug/wcs.services.test.dll" id="01b49734-9a95-3356-f525-6254544b49b4">
      <Execution id="d96fdb9c-9395-47de-b715-148f0a475091" />
      <TestMethod codeBase="C:/TFS/WCS/Content/Code/Server/WCS.Services.Test/bin/Debug/WCS.Services.Test.DLL" adapterTypeName="Microsoft.VisualStudio.TestTools.TestTypes.Unit.UnitTestAdapter, Microsoft.VisualStudio.QualityTools.Tips.UnitTest.Adapter, Version=10.0.0.0, Culture=neutral, PublicKeyToken=b03f5f7f11d50a3a" className="WCS.Services.Test.OrdersTest, WCS.Services.Test, Version=3.1.0.3, Culture=neutral, PublicKeyToken=null" name="LookAtOrderInDetailTest" />
    </UnitTest>
    <UnitTest name="UpdateProcedureTimeTest" storage="../../../server/wcs.services.test/bin/debug/wcs.services.test.dll" id="dd302f63-b65f-08ec-a43e-ed2d5c5fa0d5">
      <Execution id="090ce178-59bf-451f-a16d-9baab35ad49e" />
      <TestMethod codeBase="C:/TFS/WCS/Content/Code/Server/WCS.Services.Test/bin/Debug/WCS.Services.Test.DLL" adapterTypeName="Microsoft.VisualStudio.TestTools.TestTypes.Unit.UnitTestAdapter, Microsoft.VisualStudio.QualityTools.Tips.UnitTest.Adapter, Version=10.0.0.0, Culture=neutral, PublicKeyToken=b03f5f7f11d50a3a" className="WCS.Services.Test.OrderViewModelTest, WCS.Services.Test, Version=3.1.0.3, Culture=neutral, PublicKeyToken=null" name="UpdateProcedureTimeTest" />
    </UnitTest>
    <UnitTest name="AddDeleteNoteTest" storage="../../../server/wcs.services.test/bin/debug/wcs.services.test.dll" id="a212e1f0-7bc2-05c6-61d7-b8fcde1c7c77">
      <Execution id="add4eab5-6dd5-4bdd-bb05-d3868f5995f7" />
      <TestMethod codeBase="C:/TFS/WCS/Content/Code/Server/WCS.Services.Test/bin/Debug/WCS.Services.Test.DLL" adapterTypeName="Microsoft.VisualStudio.TestTools.TestTypes.Unit.UnitTestAdapter, Microsoft.VisualStudio.QualityTools.Tips.UnitTest.Adapter, Version=10.0.0.0, Culture=neutral, PublicKeyToken=b03f5f7f11d50a3a" className="WCS.Services.Test.OrdersTest, WCS.Services.Test, Version=3.1.0.3, Culture=neutral, PublicKeyToken=null" name="AddDeleteNoteTest" />
    </UnitTest>
    <UnitTest name="GetPresenceDataTest" storage="../../../server/wcs.services.test/bin/debug/wcs.services.test.dll" id="7c8c2656-5bd9-c7fe-d42d-102cc5d7d271">
      <Execution id="84a6769b-b950-4eb2-8415-31eb62af50e8" />
      <TestMethod codeBase="C:/TFS/WCS/Content/Code/Server/WCS.Services.Test/bin/Debug/WCS.Services.Test.DLL" adapterTypeName="Microsoft.VisualStudio.TestTools.TestTypes.Unit.UnitTestAdapter, Microsoft.VisualStudio.QualityTools.Tips.UnitTest.Adapter, Version=10.0.0.0, Culture=neutral, PublicKeyToken=b03f5f7f11d50a3a" className="WCS.Services.Test.DevicesTest, WCS.Services.Test, Version=3.1.0.3, Culture=neutral, PublicKeyToken=null" name="GetPresenceDataTest" />
    </UnitTest>
    <UnitTest name="GetOrdersForOneWardTest" storage="../../../server/wcs.services.test/bin/debug/wcs.services.test.dll" id="fd0a1761-2fa5-6106-02d8-2b29836676e9">
      <Execution id="0cc275eb-f8e3-40f9-b32f-72d71ecd6c88" />
      <TestMethod codeBase="C:/TFS/WCS/Content/Code/Server/WCS.Services.Test/bin/Debug/WCS.Services.Test.DLL" adapterTypeName="Microsoft.VisualStudio.TestTools.TestTypes.Unit.UnitTestAdapter, Microsoft.VisualStudio.QualityTools.Tips.UnitTest.Adapter, Version=10.0.0.0, Culture=neutral, PublicKeyToken=b03f5f7f11d50a3a" className="WCS.Services.Test.OrdersTest, WCS.Services.Test, Version=3.1.0.3, Culture=neutral, PublicKeyToken=null" name="GetOrdersForOneWardTest" />
    </UnitTest>
    <UnitTest name="MarkBedsAsCleanDemoData" storage="../../../server/wcs.services.test/bin/debug/wcs.services.test.dll" id="7c77a401-1bd8-0cca-c942-1457767d92c8">
      <Execution id="7c988b61-1411-49a6-a70f-052aceaaffeb" />
      <TestMethod codeBase="C:/TFS/WCS/Content/Code/Server/WCS.Services.Test/bin/Debug/WCS.Services.Test.DLL" adapterTypeName="Microsoft.VisualStudio.TestTools.TestTypes.Unit.UnitTestAdapter, Microsoft.VisualStudio.QualityTools.Tips.UnitTest.Adapter, Version=10.0.0.0, Culture=neutral, PublicKeyToken=b03f5f7f11d50a3a" className="WCS.Services.Test.DemoData, WCS.Services.Test, Version=3.1.0.3, Culture=neutral, PublicKeyToken=null" name="MarkBedsAsCleanDemoData" />
    </UnitTest>
    <UnitTest name="CheckBedWeKnowIsARadiationRiskTest" storage="../../../server/wcs.services.test/bin/debug/wcs.services.test.dll" id="65d5eac2-32cb-d2ae-fd45-4b45373c887e">
      <Execution id="038af3a6-a234-4898-95c6-0cb6d5cc5fa7" />
      <TestMethod codeBase="C:/TFS/WCS/Content/Code/Server/WCS.Services.Test/bin/Debug/WCS.Services.Test.DLL" adapterTypeName="Microsoft.VisualStudio.TestTools.TestTypes.Unit.UnitTestAdapter, Microsoft.VisualStudio.QualityTools.Tips.UnitTest.Adapter, Version=10.0.0.0, Culture=neutral, PublicKeyToken=b03f5f7f11d50a3a" className="WCS.Services.Test.CleanTest, WCS.Services.Test, Version=3.1.0.3, Culture=neutral, PublicKeyToken=null" name="CheckBedWeKnowIsARadiationRiskTest" />
    </UnitTest>
    <UnitTest name="AuthenticateFailTest" storage="../../../server/wcs.services.test/bin/debug/wcs.services.test.dll" id="ca4b34fe-1f28-609f-1b42-a878fd7e8bbf">
      <Execution id="ddad558d-acc6-4446-9d6e-d5767aa27fdd" />
      <TestMethod codeBase="C:/TFS/WCS/Content/Code/Server/WCS.Services.Test/bin/Debug/WCS.Services.Test.DLL" adapterTypeName="Microsoft.VisualStudio.TestTools.TestTypes.Unit.UnitTestAdapter, Microsoft.VisualStudio.QualityTools.Tips.UnitTest.Adapter, Version=10.0.0.0, Culture=neutral, PublicKeyToken=b03f5f7f11d50a3a" className="WCS.Services.Test.SecurityTest, WCS.Services.Test, Version=3.1.0.3, Culture=neutral, PublicKeyToken=null" name="AuthenticateFailTest" />
    </UnitTest>
    <UnitTest name="ClearTest" storage="../../../server/wcs.services.test/bin/debug/wcs.services.test.dll" id="7492517c-1d5e-2736-e8bf-432ea9c7d970">
      <Execution id="325f1277-d962-4b2e-8e1f-c757608effb0" />
      <TestMethod codeBase="C:/TFS/WCS/Content/Code/Server/WCS.Services.Test/bin/Debug/WCS.Services.Test.DLL" adapterTypeName="Microsoft.VisualStudio.TestTools.TestTypes.Unit.UnitTestAdapter, Microsoft.VisualStudio.QualityTools.Tips.UnitTest.Adapter, Version=10.0.0.0, Culture=neutral, PublicKeyToken=b03f5f7f11d50a3a" className="WCS.Services.Test.ClientAdmissionStatusTests, WCS.Services.Test, Version=3.1.0.3, Culture=neutral, PublicKeyToken=null" name="ClearTest" />
    </UnitTest>
    <UnitTest name="PAT001RfidTest" storage="../../../server/wcs.services.test/bin/debug/wcs.services.test.dll" id="08de56d0-12bd-2f75-df12-b0e872d63c53">
      <Execution id="57e43d34-2d3f-434f-bee9-1e782ac6b7aa" />
      <TestMethod codeBase="C:/TFS/WCS/Content/Code/Server/WCS.Services.Test/bin/Debug/WCS.Services.Test.DLL" adapterTypeName="Microsoft.VisualStudio.TestTools.TestTypes.Unit.UnitTestAdapter, Microsoft.VisualStudio.QualityTools.Tips.UnitTest.Adapter, Version=10.0.0.0, Culture=neutral, PublicKeyToken=b03f5f7f11d50a3a" className="WCS.Services.Test.RfidTest, WCS.Services.Test, Version=3.1.0.3, Culture=neutral, PublicKeyToken=null" name="PAT001RfidTest" />
    </UnitTest>
    <UnitTest name="IsSetMultipleTest" storage="../../../server/wcs.services.test/bin/debug/wcs.services.test.dll" id="301daa25-1239-07c8-189c-e2e8bf397e49">
      <Execution id="b86cd827-b7eb-47ea-b632-867e933b2bba" />
      <TestMethod codeBase="C:/TFS/WCS/Content/Code/Server/WCS.Services.Test/bin/Debug/WCS.Services.Test.DLL" adapterTypeName="Microsoft.VisualStudio.TestTools.TestTypes.Unit.UnitTestAdapter, Microsoft.VisualStudio.QualityTools.Tips.UnitTest.Adapter, Version=10.0.0.0, Culture=neutral, PublicKeyToken=b03f5f7f11d50a3a" className="WCS.Services.Test.ClientAdmissionStatusTests, WCS.Services.Test, Version=3.1.0.3, Culture=neutral, PublicKeyToken=null" name="IsSetMultipleTest" />
    </UnitTest>
    <UnitTest name="ToggleTest" storage="../../../server/wcs.services.test/bin/debug/wcs.services.test.dll" id="f0f46ff5-bf96-8082-2169-1050721c806e">
      <Execution id="cbfe27fd-b529-43f6-9162-4531fa6ea7be" />
      <TestMethod codeBase="C:/TFS/WCS/Content/Code/Server/WCS.Services.Test/bin/Debug/WCS.Services.Test.DLL" adapterTypeName="Microsoft.VisualStudio.TestTools.TestTypes.Unit.UnitTestAdapter, Microsoft.VisualStudio.QualityTools.Tips.UnitTest.Adapter, Version=10.0.0.0, Culture=neutral, PublicKeyToken=b03f5f7f11d50a3a" className="WCS.Services.Test.ClientAdmissionStatusTests, WCS.Services.Test, Version=3.1.0.3, Culture=neutral, PublicKeyToken=null" name="ToggleTest" />
    </UnitTest>
    <UnitTest name="BedWithMrsaPatientAdmittedThisMorningShouldHavePositiveMrsaStatus" storage="../../../server/wcs.services.test/bin/debug/wcs.services.test.dll" id="b8398a0a-8a70-1a54-ca66-d60fcfed232d">
      <Execution id="c6f23b7e-b53c-4270-b187-809c23d56750" />
      <TestMethod codeBase="C:/TFS/WCS/Content/Code/Server/WCS.Services.Test/bin/Debug/WCS.Services.Test.DLL" adapterTypeName="Microsoft.VisualStudio.TestTools.TestTypes.Unit.UnitTestAdapter, Microsoft.VisualStudio.QualityTools.Tips.UnitTest.Adapter, Version=10.0.0.0, Culture=neutral, PublicKeyToken=b03f5f7f11d50a3a" className="WCS.Services.Test.CleanTest, WCS.Services.Test, Version=3.1.0.3, Culture=neutral, PublicKeyToken=null" name="BedWithMrsaPatientAdmittedThisMorningShouldHavePositiveMrsaStatus" />
    </UnitTest>
    <UnitTest name="AuthenticateSuccessTest" storage="../../../server/wcs.services.test/bin/debug/wcs.services.test.dll" id="0a57bcbb-7ab6-367a-6f83-d95617eecd13">
      <Execution id="86afd129-2a14-4d8d-8ade-d1e230716c74" />
      <TestMethod codeBase="C:/TFS/WCS/Content/Code/Server/WCS.Services.Test/bin/Debug/WCS.Services.Test.DLL" adapterTypeName="Microsoft.VisualStudio.TestTools.TestTypes.Unit.UnitTestAdapter, Microsoft.VisualStudio.QualityTools.Tips.UnitTest.Adapter, Version=10.0.0.0, Culture=neutral, PublicKeyToken=b03f5f7f11d50a3a" className="WCS.Services.Test.SecurityTest, WCS.Services.Test, Version=3.1.0.3, Culture=neutral, PublicKeyToken=null" name="AuthenticateSuccessTest" />
    </UnitTest>
    <UnitTest name="UpdatingEstimatedDischargeDateShouldCreateAnUpdateRecordTest" storage="../../../server/wcs.services.test/bin/debug/wcs.services.test.dll" id="3c343507-d1e1-44ae-6f0c-5e13d4222c04">
      <Execution id="5fcc3e46-dc0e-439a-a131-dccd89f96d2f" />
      <TestMethod codeBase="C:/TFS/WCS/Content/Code/Server/WCS.Services.Test/bin/Debug/WCS.Services.Test.DLL" adapterTypeName="Microsoft.VisualStudio.TestTools.TestTypes.Unit.UnitTestAdapter, Microsoft.VisualStudio.QualityTools.Tips.UnitTest.Adapter, Version=10.0.0.0, Culture=neutral, PublicKeyToken=b03f5f7f11d50a3a" className="WCS.Services.Test.DischargesTest, WCS.Services.Test, Version=3.1.0.3, Culture=neutral, PublicKeyToken=null" name="UpdatingEstimatedDischargeDateShouldCreateAnUpdateRecordTest" />
    </UnitTest>
    <UnitTest name="GetAllFreeBedTimesForDateTest" storage="../../../server/wcs.services.test/bin/debug/wcs.services.test.dll" id="180c2d50-017b-40d1-084e-d7b311e765f7">
      <Execution id="dc2650c3-c0a8-4a35-ab79-4353b020bb4d" />
      <TestMethod codeBase="C:/TFS/WCS/Content/Code/Server/WCS.Services.Test/bin/Debug/WCS.Services.Test.DLL" adapterTypeName="Microsoft.VisualStudio.TestTools.TestTypes.Unit.UnitTestAdapter, Microsoft.VisualStudio.QualityTools.Tips.UnitTest.Adapter, Version=10.0.0.0, Culture=neutral, PublicKeyToken=b03f5f7f11d50a3a" className="WCS.Services.Test.DischargesTest, WCS.Services.Test, Version=3.1.0.3, Culture=neutral, PublicKeyToken=null" name="GetAllFreeBedTimesForDateTest" />
    </UnitTest>
    <UnitTest name="GetAdmissionsDataTest" storage="../../../server/wcs.services.test/bin/debug/wcs.services.test.dll" id="430e986c-3de9-9b49-0030-51c2b6c4bff5">
      <Execution id="8aef69e1-e838-4ade-82c3-ebc8d9f4c095" />
      <TestMethod codeBase="C:/TFS/WCS/Content/Code/Server/WCS.Services.Test/bin/Debug/WCS.Services.Test.DLL" adapterTypeName="Microsoft.VisualStudio.TestTools.TestTypes.Unit.UnitTestAdapter, Microsoft.VisualStudio.QualityTools.Tips.UnitTest.Adapter, Version=10.0.0.0, Culture=neutral, PublicKeyToken=b03f5f7f11d50a3a" className="WCS.Services.Test.AdmissionsTest, WCS.Services.Test, Version=3.1.0.3, Culture=neutral, PublicKeyToken=null" name="GetAdmissionsDataTest" />
    </UnitTest>
    <UnitTest name="SetORDN008ToHappenSoonForDemo" storage="../../../server/wcs.services.test/bin/debug/wcs.services.test.dll" id="d500072f-2be3-fbbe-20e2-24855874311e">
      <Execution id="275945b1-71b3-47a8-b844-5724728205fa" />
      <TestMethod codeBase="C:/TFS/WCS/Content/Code/Server/WCS.Services.Test/bin/Debug/WCS.Services.Test.DLL" adapterTypeName="Microsoft.VisualStudio.TestTools.TestTypes.Unit.UnitTestAdapter, Microsoft.VisualStudio.QualityTools.Tips.UnitTest.Adapter, Version=10.0.0.0, Culture=neutral, PublicKeyToken=b03f5f7f11d50a3a" className="WCS.Services.Test.DemoData, WCS.Services.Test, Version=3.1.0.3, Culture=neutral, PublicKeyToken=null" name="SetORDN008ToHappenSoonForDemo" />
    </UnitTest>
    <UnitTest name="SyncronizeTest" storage="../../../server/wcs.services.test/bin/debug/wcs.services.test.dll" id="aed6e57c-8ae5-1ec4-7df4-be7cb9a3ba60">
      <Execution id="16d52da1-4543-44d8-beeb-5951fe634c94" />
      <TestMethod codeBase="C:/TFS/WCS/Content/Code/Server/WCS.Services.Test/bin/Debug/WCS.Services.Test.DLL" adapterTypeName="Microsoft.VisualStudio.TestTools.TestTypes.Unit.UnitTestAdapter, Microsoft.VisualStudio.QualityTools.Tips.UnitTest.Adapter, Version=10.0.0.0, Culture=neutral, PublicKeyToken=b03f5f7f11d50a3a" className="WCS.Services.Test.OrderViewModelTest, WCS.Services.Test, Version=3.1.0.3, Culture=neutral, PublicKeyToken=null" name="SyncronizeTest" />
    </UnitTest>
    <UnitTest name="FilterByOrderStatusWithHiddenFlagTest" storage="../../../server/wcs.services.test/bin/debug/wcs.services.test.dll" id="6035bdea-c63f-c9fd-76c4-96ad98562066">
      <Execution id="3efe8dd2-c8ed-477a-baa5-b01455658ecc" />
      <TestMethod codeBase="C:/TFS/WCS/Content/Code/Server/WCS.Services.Test/bin/Debug/WCS.Services.Test.DLL" adapterTypeName="Microsoft.VisualStudio.TestTools.TestTypes.Unit.UnitTestAdapter, Microsoft.VisualStudio.QualityTools.Tips.UnitTest.Adapter, Version=10.0.0.0, Culture=neutral, PublicKeyToken=b03f5f7f11d50a3a" className="WCS.Services.Test.ViewModel.DepartmentPatientObservableCollectionTests, WCS.Services.Test, Version=3.1.0.3, Culture=neutral, PublicKeyToken=null" name="FilterByOrderStatusWithHiddenFlagTest" />
    </UnitTest>
    <UnitTest name="BedWithDischargeTodayShouldHaveAvailabilityAfterThat" storage="../../../server/wcs.services.test/bin/debug/wcs.services.test.dll" id="8fa087a8-93f9-6da4-bee8-c86ba4b78f1d">
      <Execution id="14f459a6-4e40-4834-9b79-5df2408cee82" />
      <TestMethod codeBase="C:/TFS/WCS/Content/Code/Server/WCS.Services.Test/bin/Debug/WCS.Services.Test.DLL" adapterTypeName="Microsoft.VisualStudio.TestTools.TestTypes.Unit.UnitTestAdapter, Microsoft.VisualStudio.QualityTools.Tips.UnitTest.Adapter, Version=10.0.0.0, Culture=neutral, PublicKeyToken=b03f5f7f11d50a3a" className="WCS.Services.Test.CleanTest, WCS.Services.Test, Version=3.1.0.3, Culture=neutral, PublicKeyToken=null" name="BedWithDischargeTodayShouldHaveAvailabilityAfterThat" />
    </UnitTest>
    <UnitTest name="IsSetTest" storage="../../../server/wcs.services.test/bin/debug/wcs.services.test.dll" id="26f93875-1d21-0229-f2f4-3637c209cbf2">
      <Execution id="5052f249-320b-4b41-b7a2-491f44fa3c8a" />
      <TestMethod codeBase="C:/TFS/WCS/Content/Code/Server/WCS.Services.Test/bin/Debug/WCS.Services.Test.DLL" adapterTypeName="Microsoft.VisualStudio.TestTools.TestTypes.Unit.UnitTestAdapter, Microsoft.VisualStudio.QualityTools.Tips.UnitTest.Adapter, Version=10.0.0.0, Culture=neutral, PublicKeyToken=b03f5f7f11d50a3a" className="WCS.Services.Test.ClientAdmissionStatusTests, WCS.Services.Test, Version=3.1.0.3, Culture=neutral, PublicKeyToken=null" name="IsSetTest" />
    </UnitTest>
    <UnitTest name="BedWithAdmissionArrivingAfterStartOfDayShouldHaveAvailabilityBeforeThat" storage="../../../server/wcs.services.test/bin/debug/wcs.services.test.dll" id="01735ac9-1fac-3146-5daa-b75d7f765f49">
      <Execution id="2cb74bf1-2332-41a2-8772-3bbe86440d99" />
      <TestMethod codeBase="C:/TFS/WCS/Content/Code/Server/WCS.Services.Test/bin/Debug/WCS.Services.Test.DLL" adapterTypeName="Microsoft.VisualStudio.TestTools.TestTypes.Unit.UnitTestAdapter, Microsoft.VisualStudio.QualityTools.Tips.UnitTest.Adapter, Version=10.0.0.0, Culture=neutral, PublicKeyToken=b03f5f7f11d50a3a" className="WCS.Services.Test.CleanTest, WCS.Services.Test, Version=3.1.0.3, Culture=neutral, PublicKeyToken=null" name="BedWithAdmissionArrivingAfterStartOfDayShouldHaveAvailabilityBeforeThat" />
    </UnitTest>
    <UnitTest name="CheckEmergencyRoomOrderTest" storage="../../../server/wcs.services.test/bin/debug/wcs.services.test.dll" id="3691d567-a2db-4db2-56d6-acf052542f7c">
      <Execution id="f7e0e493-b8d0-4c96-aae5-e83ee5568f89" />
      <TestMethod codeBase="C:/TFS/WCS/Content/Code/Server/WCS.Services.Test/bin/Debug/WCS.Services.Test.DLL" adapterTypeName="Microsoft.VisualStudio.TestTools.TestTypes.Unit.UnitTestAdapter, Microsoft.VisualStudio.QualityTools.Tips.UnitTest.Adapter, Version=10.0.0.0, Culture=neutral, PublicKeyToken=b03f5f7f11d50a3a" className="WCS.Services.Test.OrdersTest, WCS.Services.Test, Version=3.1.0.3, Culture=neutral, PublicKeyToken=null" name="CheckEmergencyRoomOrderTest" />
    </UnitTest>
    <UnitTest name="GetLatestPollingTimeoutsTest" storage="../../../server/wcs.services.test/bin/debug/wcs.services.test.dll" id="23e97091-2ff8-3ecc-cebd-0b2b7d0dcc31">
      <Execution id="cc3818d6-583e-41af-a89d-c8cf30a9354d" />
      <TestMethod codeBase="C:/TFS/WCS/Content/Code/Server/WCS.Services.Test/bin/Debug/WCS.Services.Test.DLL" adapterTypeName="Microsoft.VisualStudio.TestTools.TestTypes.Unit.UnitTestAdapter, Microsoft.VisualStudio.QualityTools.Tips.UnitTest.Adapter, Version=10.0.0.0, Culture=neutral, PublicKeyToken=b03f5f7f11d50a3a" className="WCS.Services.Test.ConfigurationTest, WCS.Services.Test, Version=3.1.0.3, Culture=neutral, PublicKeyToken=null" name="GetLatestPollingTimeoutsTest" />
    </UnitTest>
  </TestDefinitions>
  <TestLists>
    <TestList name="Results Not in a List" id="8c84fa94-04c1-424b-9868-57a2d4851a1d" />
    <TestList name="All Loaded Results" id="19431567-8539-422a-85d7-44ee4e166bda" />
  </TestLists>
  <TestEntries>
    <TestEntry testId="430e986c-3de9-9b49-0030-51c2b6c4bff5" executionId="8aef69e1-e838-4ade-82c3-ebc8d9f4c095" testListId="8c84fa94-04c1-424b-9868-57a2d4851a1d" />
    <TestEntry testId="69e43193-dff0-9b53-8c23-823eac685799" executionId="c97a3ba1-851c-4aeb-bb94-881f2924e962" testListId="8c84fa94-04c1-424b-9868-57a2d4851a1d" />
    <TestEntry testId="523b7adc-ad80-0f78-7952-a9dae2ad02eb" executionId="66d01dc1-637e-4311-87a4-c9ddb74abba4" testListId="8c84fa94-04c1-424b-9868-57a2d4851a1d" />
    <TestEntry testId="01735ac9-1fac-3146-5daa-b75d7f765f49" executionId="2cb74bf1-2332-41a2-8772-3bbe86440d99" testListId="8c84fa94-04c1-424b-9868-57a2d4851a1d" />
    <TestEntry testId="0bce5e76-a5ef-5b4b-35e3-68671967c55d" executionId="5a993771-1740-4be5-a76d-391d606993cb" testListId="8c84fa94-04c1-424b-9868-57a2d4851a1d" />
    <TestEntry testId="8fa087a8-93f9-6da4-bee8-c86ba4b78f1d" executionId="14f459a6-4e40-4834-9b79-5df2408cee82" testListId="8c84fa94-04c1-424b-9868-57a2d4851a1d" />
    <TestEntry testId="b8398a0a-8a70-1a54-ca66-d60fcfed232d" executionId="c6f23b7e-b53c-4270-b187-809c23d56750" testListId="8c84fa94-04c1-424b-9868-57a2d4851a1d" />
    <TestEntry testId="f6e6002e-b898-9c6f-c8b7-21e24965b8a3" executionId="8f67c140-648e-47cf-8bd7-30d61c02820a" testListId="8c84fa94-04c1-424b-9868-57a2d4851a1d" />
    <TestEntry testId="65d5eac2-32cb-d2ae-fd45-4b45373c887e" executionId="038af3a6-a234-4898-95c6-0cb6d5cc5fa7" testListId="8c84fa94-04c1-424b-9868-57a2d4851a1d" />
    <TestEntry testId="83bcbc0b-361b-e46e-9078-10b2342962a1" executionId="2854f102-9a47-4e1b-af68-e18b96643ba2" testListId="8c84fa94-04c1-424b-9868-57a2d4851a1d" />
    <TestEntry testId="703caea2-6165-0939-d3ef-9b61c5e6abff" executionId="af955e51-026a-4ed8-a49e-4c0e67716835" testListId="8c84fa94-04c1-424b-9868-57a2d4851a1d" />
    <TestEntry testId="16c84594-d480-7fae-20c2-e012b3376244" executionId="b922c777-8beb-4cf1-811c-31cf84bcbc21" testListId="8c84fa94-04c1-424b-9868-57a2d4851a1d" />
    <TestEntry testId="1398ab92-924d-163f-bfbc-a6f5fe0e5f5b" executionId="891df08f-dcd6-4a63-bb71-aab03d252dc7" testListId="8c84fa94-04c1-424b-9868-57a2d4851a1d" />
    <TestEntry testId="ba15989c-8180-569b-80a6-97e9754ff77a" executionId="3b5a3414-2545-489c-8f2f-7a5265c67d1b" testListId="8c84fa94-04c1-424b-9868-57a2d4851a1d" />
    <TestEntry testId="7492517c-1d5e-2736-e8bf-432ea9c7d970" executionId="325f1277-d962-4b2e-8e1f-c757608effb0" testListId="8c84fa94-04c1-424b-9868-57a2d4851a1d" />
    <TestEntry testId="301daa25-1239-07c8-189c-e2e8bf397e49" executionId="b86cd827-b7eb-47ea-b632-867e933b2bba" testListId="8c84fa94-04c1-424b-9868-57a2d4851a1d" />
    <TestEntry testId="26f93875-1d21-0229-f2f4-3637c209cbf2" executionId="5052f249-320b-4b41-b7a2-491f44fa3c8a" testListId="8c84fa94-04c1-424b-9868-57a2d4851a1d" />
    <TestEntry testId="f0f46ff5-bf96-8082-2169-1050721c806e" executionId="cbfe27fd-b529-43f6-9162-4531fa6ea7be" testListId="8c84fa94-04c1-424b-9868-57a2d4851a1d" />
    <TestEntry testId="cc1ce465-d746-70be-3add-9bf2f1ef0704" executionId="0cdf6d1e-ad43-499a-8547-0dea8e746b42" testListId="8c84fa94-04c1-424b-9868-57a2d4851a1d" />
    <TestEntry testId="23e97091-2ff8-3ecc-cebd-0b2b7d0dcc31" executionId="cc3818d6-583e-41af-a89d-c8cf30a9354d" testListId="8c84fa94-04c1-424b-9868-57a2d4851a1d" />
    <TestEntry testId="9b8d40e2-a4bb-0826-a917-2ab891e698a4" executionId="d73d9a39-8b26-42aa-bd88-ed28f350c3a2" testListId="8c84fa94-04c1-424b-9868-57a2d4851a1d" />
    <TestEntry testId="e77a3200-2992-57c3-5b1a-5d48c5a58186" executionId="e3ac1d67-7bd0-450e-9a69-f1db3aeeb5c9" testListId="8c84fa94-04c1-424b-9868-57a2d4851a1d" />
    <TestEntry testId="7c77a401-1bd8-0cca-c942-1457767d92c8" executionId="7c988b61-1411-49a6-a70f-052aceaaffeb" testListId="8c84fa94-04c1-424b-9868-57a2d4851a1d" />
    <TestEntry testId="d500072f-2be3-fbbe-20e2-24855874311e" executionId="275945b1-71b3-47a8-b844-5724728205fa" testListId="8c84fa94-04c1-424b-9868-57a2d4851a1d" />
    <TestEntry testId="147579d1-0816-7d01-6737-d0c879871a05" executionId="cb48d03d-8718-4c95-8235-f425838284a5" testListId="8c84fa94-04c1-424b-9868-57a2d4851a1d" />
    <TestEntry testId="62824bc3-7f37-c130-ae0b-5298764213da" executionId="00d6b289-8eee-4658-a17c-d1f2feaf2e28" testListId="8c84fa94-04c1-424b-9868-57a2d4851a1d" />
    <TestEntry testId="94a7e3d7-1537-ec4c-f18f-0881118cd982" executionId="1ceaf917-7e9c-457e-a33c-18496a63467e" testListId="8c84fa94-04c1-424b-9868-57a2d4851a1d" />
    <TestEntry testId="1ceadb69-45fb-9717-0bfb-587b493621bd" executionId="d865ae78-96c0-4c69-9e7b-56b622189f2f" testListId="8c84fa94-04c1-424b-9868-57a2d4851a1d" />
    <TestEntry testId="b6528b9d-e903-1b26-d4c9-51bbd40b6112" executionId="0cfb6c14-552e-4130-9095-5ffd26067ccd" testListId="8c84fa94-04c1-424b-9868-57a2d4851a1d" />
    <TestEntry testId="7c8c2656-5bd9-c7fe-d42d-102cc5d7d271" executionId="84a6769b-b950-4eb2-8415-31eb62af50e8" testListId="8c84fa94-04c1-424b-9868-57a2d4851a1d" />
    <TestEntry testId="180c2d50-017b-40d1-084e-d7b311e765f7" executionId="dc2650c3-c0a8-4a35-ab79-4353b020bb4d" testListId="8c84fa94-04c1-424b-9868-57a2d4851a1d" />
    <TestEntry testId="adca6ef4-26ca-d134-e987-7c004554926e" executionId="5412c910-dc37-4f8e-9927-0e12a6e5e174" testListId="8c84fa94-04c1-424b-9868-57a2d4851a1d" />
    <TestEntry testId="3c343507-d1e1-44ae-6f0c-5e13d4222c04" executionId="5fcc3e46-dc0e-439a-a131-dccd89f96d2f" testListId="8c84fa94-04c1-424b-9868-57a2d4851a1d" />
    <TestEntry testId="ac28ed18-7833-2249-071f-de031c631001" executionId="0b92bc7b-8014-4e31-ac0c-67bb515b2d78" testListId="8c84fa94-04c1-424b-9868-57a2d4851a1d" />
    <TestEntry testId="a212e1f0-7bc2-05c6-61d7-b8fcde1c7c77" executionId="add4eab5-6dd5-4bdd-bb05-d3868f5995f7" testListId="8c84fa94-04c1-424b-9868-57a2d4851a1d" />
    <TestEntry testId="3691d567-a2db-4db2-56d6-acf052542f7c" executionId="f7e0e493-b8d0-4c96-aae5-e83ee5568f89" testListId="8c84fa94-04c1-424b-9868-57a2d4851a1d" />
    <TestEntry testId="d4ebea90-2572-8675-7029-24a6b9f7912f" executionId="0a60c91e-b684-472a-aad4-24ccb0458c12" testListId="8c84fa94-04c1-424b-9868-57a2d4851a1d" />
    <TestEntry testId="5d2f9417-1f36-e1be-26e0-1ddd5ac50a01" executionId="b40cc7da-584c-45ad-bd22-d12b26369ed5" testListId="8c84fa94-04c1-424b-9868-57a2d4851a1d" />
    <TestEntry testId="2ed6a8bd-1f45-d715-61c1-545276912be4" executionId="247b746d-4635-4515-98ba-89d2f1d3313d" testListId="8c84fa94-04c1-424b-9868-57a2d4851a1d" />
    <TestEntry testId="90b6d056-82b8-5748-e91c-81b6feec3e65" executionId="6460d713-57ca-449d-b019-ffed80fd5314" testListId="8c84fa94-04c1-424b-9868-57a2d4851a1d" />
    <TestEntry testId="6acbb951-eb71-fb99-8ddf-ab7f75a91729" executionId="76ad0897-9d62-4326-9bf5-275f116de6fd" testListId="8c84fa94-04c1-424b-9868-57a2d4851a1d" />
    <TestEntry testId="fd0a1761-2fa5-6106-02d8-2b29836676e9" executionId="0cc275eb-f8e3-40f9-b32f-72d71ecd6c88" testListId="8c84fa94-04c1-424b-9868-57a2d4851a1d" />
    <TestEntry testId="706b359a-a6a6-75cb-07b9-35e158a1398a" executionId="576c3661-1963-43fe-aa1f-3abf36bb664f" testListId="8c84fa94-04c1-424b-9868-57a2d4851a1d" />
    <TestEntry testId="01b49734-9a95-3356-f525-6254544b49b4" executionId="d96fdb9c-9395-47de-b715-148f0a475091" testListId="8c84fa94-04c1-424b-9868-57a2d4851a1d" />
    <TestEntry testId="aa578b34-4332-1a73-0f9c-1cecca014087" executionId="78d312e1-7418-44bc-bdf7-ea049c038fa4" testListId="8c84fa94-04c1-424b-9868-57a2d4851a1d" />
    <TestEntry testId="5ee44f0b-f581-d009-1bb2-ef38afd0bdc0" executionId="fe2d5546-4582-42dc-83ac-d91aa16474da" testListId="8c84fa94-04c1-424b-9868-57a2d4851a1d" />
    <TestEntry testId="86000e48-b18e-94a0-5184-f2457dcc7ac6" executionId="9672ca8d-729a-492d-a2c6-963ce2efe59b" testListId="8c84fa94-04c1-424b-9868-57a2d4851a1d" />
    <TestEntry testId="7a7a3263-10ac-0d9d-dc5c-c34b5219adf5" executionId="a05f91d8-1d59-4d89-a4f0-3335919ee7a9" testListId="8c84fa94-04c1-424b-9868-57a2d4851a1d" />
    <TestEntry testId="aed6e57c-8ae5-1ec4-7df4-be7cb9a3ba60" executionId="16d52da1-4543-44d8-beeb-5951fe634c94" testListId="8c84fa94-04c1-424b-9868-57a2d4851a1d" />
    <TestEntry testId="dd302f63-b65f-08ec-a43e-ed2d5c5fa0d5" executionId="090ce178-59bf-451f-a16d-9baab35ad49e" testListId="8c84fa94-04c1-424b-9868-57a2d4851a1d" />
    <TestEntry testId="9fd5787b-1fba-b8fb-7877-005945c878de" executionId="eebf79cf-43ca-4837-9e22-a12031448a1c" testListId="8c84fa94-04c1-424b-9868-57a2d4851a1d" />
    <TestEntry testId="08de56d0-12bd-2f75-df12-b0e872d63c53" executionId="57e43d34-2d3f-434f-bee9-1e782ac6b7aa" testListId="8c84fa94-04c1-424b-9868-57a2d4851a1d" />
    <TestEntry testId="ca4b34fe-1f28-609f-1b42-a878fd7e8bbf" executionId="ddad558d-acc6-4446-9d6e-d5767aa27fdd" testListId="8c84fa94-04c1-424b-9868-57a2d4851a1d" />
    <TestEntry testId="0a57bcbb-7ab6-367a-6f83-d95617eecd13" executionId="86afd129-2a14-4d8d-8ade-d1e230716c74" testListId="8c84fa94-04c1-424b-9868-57a2d4851a1d" />
    <TestEntry testId="b165b39e-5b0c-abea-5b39-75b39d4ee541" executionId="8a62929d-ab13-4041-b115-9e548e40586d" testListId="8c84fa94-04c1-424b-9868-57a2d4851a1d" />
    <TestEntry testId="807586a3-dd80-e35a-be55-8a7820ed2e2a" executionId="177e24ba-26af-4063-b4cd-3a2e1505b0c8" testListId="8c84fa94-04c1-424b-9868-57a2d4851a1d" />
    <TestEntry testId="de2cd584-4eca-b743-8342-64583efb12aa" executionId="d5bd8542-dfe5-4dab-a7b0-1ebccce85c8f" testListId="8c84fa94-04c1-424b-9868-57a2d4851a1d" />
    <TestEntry testId="b0e39bf3-43ea-a19c-d6f5-eff49b5d247c" executionId="e625ddfb-ee85-4b15-bfcc-c419a8b42011" testListId="8c84fa94-04c1-424b-9868-57a2d4851a1d" />
    <TestEntry testId="6035bdea-c63f-c9fd-76c4-96ad98562066" executionId="3efe8dd2-c8ed-477a-baa5-b01455658ecc" testListId="8c84fa94-04c1-424b-9868-57a2d4851a1d" />
  </TestEntries>
  <Results>
    <UnitTestResult executionId="8aef69e1-e838-4ade-82c3-ebc8d9f4c095" testId="430e986c-3de9-9b49-0030-51c2b6c4bff5" testName="GetAdmissionsDataTest" computerName="WCS-DEMO01" duration="00:00:01.8239440" startTime="2013-05-01T16:55:08.2683545+01:00" endTime="2013-05-01T16:55:10.6747123+01:00" testType="13cdc9d9-ddb5-4fa4-a97d-d965ccfc6d4b" outcome="Passed" testListId="8c84fa94-04c1-424b-9868-57a2d4851a1d" relativeResultsDirectory="8aef69e1-e838-4ade-82c3-ebc8d9f4c095">
    </UnitTestResult>
    <UnitTestResult executionId="c97a3ba1-851c-4aeb-bb94-881f2924e962" testId="69e43193-dff0-9b53-8c23-823eac685799" testName="AddDeleteNoteTest" computerName="WCS-DEMO01" duration="00:00:01.7847614" startTime="2013-05-01T16:55:10.6747123+01:00" endTime="2013-05-01T16:55:12.4872935+01:00" testType="13cdc9d9-ddb5-4fa4-a97d-d965ccfc6d4b" outcome="Passed" testListId="8c84fa94-04c1-424b-9868-57a2d4851a1d" relativeResultsDirectory="c97a3ba1-851c-4aeb-bb94-881f2924e962">
    </UnitTestResult>
    <UnitTestResult executionId="66d01dc1-637e-4311-87a4-c9ddb74abba4" testId="523b7adc-ad80-0f78-7952-a9dae2ad02eb" testName="BedsWithNoAdmissionShouldBeAvailableAllDayTest" computerName="WCS-DEMO01" duration="00:00:00.3290655" startTime="2013-05-01T16:55:12.5029192+01:00" endTime="2013-05-01T16:55:12.8310589+01:00" testType="13cdc9d9-ddb5-4fa4-a97d-d965ccfc6d4b" outcome="Passed" testListId="8c84fa94-04c1-424b-9868-57a2d4851a1d" relativeResultsDirectory="66d01dc1-637e-4311-87a4-c9ddb74abba4">
    </UnitTestResult>
    <UnitTestResult executionId="2cb74bf1-2332-41a2-8772-3bbe86440d99" testId="01735ac9-1fac-3146-5daa-b75d7f765f49" testName="BedWithAdmissionArrivingAfterStartOfDayShouldHaveAvailabilityBeforeThat" computerName="WCS-DEMO01" duration="00:00:00.3175725" startTime="2013-05-01T16:55:12.8310589+01:00" endTime="2013-05-01T16:55:13.1591986+01:00" testType="13cdc9d9-ddb5-4fa4-a97d-d965ccfc6d4b" outcome="Passed" testListId="8c84fa94-04c1-424b-9868-57a2d4851a1d" relativeResultsDirectory="2cb74bf1-2332-41a2-8772-3bbe86440d99">
    </UnitTestResult>
    <UnitTestResult executionId="5a993771-1740-4be5-a76d-391d606993cb" testId="0bce5e76-a5ef-5b4b-35e3-68671967c55d" testName="BedWithAdmissionYesterdayRequiresDeepCleanTest" computerName="WCS-DEMO01" duration="00:00:01.3009684" startTime="2013-05-01T16:55:13.1591986+01:00" endTime="2013-05-01T16:55:14.4717574+01:00" testType="13cdc9d9-ddb5-4fa4-a97d-d965ccfc6d4b" outcome="Passed" testListId="8c84fa94-04c1-424b-9868-57a2d4851a1d" relativeResultsDirectory="5a993771-1740-4be5-a76d-391d606993cb">
    </UnitTestResult>
    <UnitTestResult executionId="14f459a6-4e40-4834-9b79-5df2408cee82" testId="8fa087a8-93f9-6da4-bee8-c86ba4b78f1d" testName="BedWithDischargeTodayShouldHaveAvailabilityAfterThat" computerName="WCS-DEMO01" duration="00:00:00.2020252" startTime="2013-05-01T16:55:14.4717574+01:00" endTime="2013-05-01T16:55:14.6748915+01:00" testType="13cdc9d9-ddb5-4fa4-a97d-d965ccfc6d4b" outcome="Passed" testListId="8c84fa94-04c1-424b-9868-57a2d4851a1d" relativeResultsDirectory="14f459a6-4e40-4834-9b79-5df2408cee82">
    </UnitTestResult>
    <UnitTestResult executionId="c6f23b7e-b53c-4270-b187-809c23d56750" testId="b8398a0a-8a70-1a54-ca66-d60fcfed232d" testName="BedWithMrsaPatientAdmittedThisMorningShouldHavePositiveMrsaStatus" computerName="WCS-DEMO01" duration="00:00:00.2058991" startTime="2013-05-01T16:55:14.6905172+01:00" endTime="2013-05-01T16:55:14.8936513+01:00" testType="13cdc9d9-ddb5-4fa4-a97d-d965ccfc6d4b" outcome="Passed" testListId="8c84fa94-04c1-424b-9868-57a2d4851a1d" relativeResultsDirectory="c6f23b7e-b53c-4270-b187-809c23d56750">
    </UnitTestResult>
    <UnitTestResult executionId="8f67c140-648e-47cf-8bd7-30d61c02820a" testId="f6e6002e-b898-9c6f-c8b7-21e24965b8a3" testName="BedWithTwoAdmissionsTodayShouldHaveAvailabilityBetweenThem" computerName="WCS-DEMO01" duration="00:00:00.2059812" startTime="2013-05-01T16:55:14.9092770+01:00" endTime="2013-05-01T16:55:15.1124111+01:00" testType="13cdc9d9-ddb5-4fa4-a97d-d965ccfc6d4b" outcome="Passed" testListId="8c84fa94-04c1-424b-9868-57a2d4851a1d" relativeResultsDirectory="8f67c140-648e-47cf-8bd7-30d61c02820a">
    </UnitTestResult>
    <UnitTestResult executionId="038af3a6-a234-4898-95c6-0cb6d5cc5fa7" testId="65d5eac2-32cb-d2ae-fd45-4b45373c887e" testName="CheckBedWeKnowIsARadiationRiskTest" computerName="WCS-DEMO01" duration="00:00:00.4134159" startTime="2013-05-01T16:55:15.1124111+01:00" endTime="2013-05-01T16:55:15.5343050+01:00" testType="13cdc9d9-ddb5-4fa4-a97d-d965ccfc6d4b" outcome="Passed" testListId="8c84fa94-04c1-424b-9868-57a2d4851a1d" relativeResultsDirectory="038af3a6-a234-4898-95c6-0cb6d5cc5fa7">
    </UnitTestResult>
    <UnitTestResult executionId="2854f102-9a47-4e1b-af68-e18b96643ba2" testId="83bcbc0b-361b-e46e-9078-10b2342962a1" testName="CheckEstimatedDischargeDateTest" computerName="WCS-DEMO01" duration="00:00:00.5624797" startTime="2013-05-01T16:55:15.5343050+01:00" endTime="2013-05-01T16:55:16.1124559+01:00" testType="13cdc9d9-ddb5-4fa4-a97d-d965ccfc6d4b" outcome="Passed" testListId="8c84fa94-04c1-424b-9868-57a2d4851a1d" relativeResultsDirectory="2854f102-9a47-4e1b-af68-e18b96643ba2">
    </UnitTestResult>
    <UnitTestResult executionId="af955e51-026a-4ed8-a49e-4c0e67716835" testId="703caea2-6165-0939-d3ef-9b61c5e6abff" testName="DeleteNoteFailTest" computerName="WCS-DEMO01" duration="00:00:00.3999657" startTime="2013-05-01T16:55:16.1124559+01:00" endTime="2013-05-01T16:55:16.5187241+01:00" testType="13cdc9d9-ddb5-4fa4-a97d-d965ccfc6d4b" outcome="Passed" testListId="8c84fa94-04c1-424b-9868-57a2d4851a1d" relativeResultsDirectory="af955e51-026a-4ed8-a49e-4c0e67716835">
    </UnitTestResult>
    <UnitTestResult executionId="b922c777-8beb-4cf1-811c-31cf84bcbc21" testId="16c84594-d480-7fae-20c2-e012b3376244" testName="GetAllFreeBedTimesForDateTest" computerName="WCS-DEMO01" duration="00:00:01.1135970" startTime="2013-05-01T16:55:16.5187241+01:00" endTime="2013-05-01T16:55:17.6437745+01:00" testType="13cdc9d9-ddb5-4fa4-a97d-d965ccfc6d4b" outcome="Passed" testListId="8c84fa94-04c1-424b-9868-57a2d4851a1d" relativeResultsDirectory="b922c777-8beb-4cf1-811c-31cf84bcbc21">
    </UnitTestResult>
    <UnitTestResult executionId="891df08f-dcd6-4a63-bb71-aab03d252dc7" testId="1398ab92-924d-163f-bfbc-a6f5fe0e5f5b" testName="MarkBedAsCleanDirtyTest" computerName="WCS-DEMO01" duration="00:00:00.6017299" startTime="2013-05-01T16:55:17.6437745+01:00" endTime="2013-05-01T16:55:18.2531768+01:00" testType="13cdc9d9-ddb5-4fa4-a97d-d965ccfc6d4b" outcome="Passed" testListId="8c84fa94-04c1-424b-9868-57a2d4851a1d" relativeResultsDirectory="891df08f-dcd6-4a63-bb71-aab03d252dc7">
    </UnitTestResult>
    <UnitTestResult executionId="3b5a3414-2545-489c-8f2f-7a5265c67d1b" testId="ba15989c-8180-569b-80a6-97e9754ff77a" testName="PerformanceTest" computerName="WCS-DEMO01" duration="00:00:00.2277745" startTime="2013-05-01T16:55:18.2531768+01:00" endTime="2013-05-01T16:55:18.4875623+01:00" testType="13cdc9d9-ddb5-4fa4-a97d-d965ccfc6d4b" outcome="Passed" testListId="8c84fa94-04c1-424b-9868-57a2d4851a1d" relativeResultsDirectory="3b5a3414-2545-489c-8f2f-7a5265c67d1b">
    </UnitTestResult>
    <UnitTestResult executionId="325f1277-d962-4b2e-8e1f-c757608effb0" testId="7492517c-1d5e-2736-e8bf-432ea9c7d970" testName="ClearTest" computerName="WCS-DEMO01" duration="00:00:00.0025047" startTime="2013-05-01T16:55:18.4875623+01:00" endTime="2013-05-01T16:55:18.5031880+01:00" testType="13cdc9d9-ddb5-4fa4-a97d-d965ccfc6d4b" outcome="Passed" testListId="8c84fa94-04c1-424b-9868-57a2d4851a1d" relativeResultsDirectory="325f1277-d962-4b2e-8e1f-c757608effb0">
    </UnitTestResult>
    <UnitTestResult executionId="b86cd827-b7eb-47ea-b632-867e933b2bba" testId="301daa25-1239-07c8-189c-e2e8bf397e49" testName="IsSetMultipleTest" computerName="WCS-DEMO01" duration="00:00:00.0013108" startTime="2013-05-01T16:55:18.5031880+01:00" endTime="2013-05-01T16:55:18.5188137+01:00" testType="13cdc9d9-ddb5-4fa4-a97d-d965ccfc6d4b" outcome="Passed" testListId="8c84fa94-04c1-424b-9868-57a2d4851a1d" relativeResultsDirectory="b86cd827-b7eb-47ea-b632-867e933b2bba">
    </UnitTestResult>
    <UnitTestResult executionId="5052f249-320b-4b41-b7a2-491f44fa3c8a" testId="26f93875-1d21-0229-f2f4-3637c209cbf2" testName="IsSetTest" computerName="WCS-DEMO01" duration="00:00:00.0006365" startTime="2013-05-01T16:55:18.5188137+01:00" endTime="2013-05-01T16:55:18.5188137+01:00" testType="13cdc9d9-ddb5-4fa4-a97d-d965ccfc6d4b" outcome="Passed" testListId="8c84fa94-04c1-424b-9868-57a2d4851a1d" relativeResultsDirectory="5052f249-320b-4b41-b7a2-491f44fa3c8a">
    </UnitTestResult>
    <UnitTestResult executionId="cbfe27fd-b529-43f6-9162-4531fa6ea7be" testId="f0f46ff5-bf96-8082-2169-1050721c806e" testName="ToggleTest" computerName="WCS-DEMO01" duration="00:00:00.0010066" startTime="2013-05-01T16:55:18.5188137+01:00" endTime="2013-05-01T16:55:18.5344394+01:00" testType="13cdc9d9-ddb5-4fa4-a97d-d965ccfc6d4b" outcome="Passed" testListId="8c84fa94-04c1-424b-9868-57a2d4851a1d" relativeResultsDirectory="cbfe27fd-b529-43f6-9162-4531fa6ea7be">
    </UnitTestResult>
    <UnitTestResult executionId="0cdf6d1e-ad43-499a-8547-0dea8e746b42" testId="cc1ce465-d746-70be-3add-9bf2f1ef0704" testName="GetConfigurationsTest" computerName="WCS-DEMO01" duration="00:00:00.3302864" startTime="2013-05-01T16:55:18.5344394+01:00" endTime="2013-05-01T16:55:18.8625791+01:00" testType="13cdc9d9-ddb5-4fa4-a97d-d965ccfc6d4b" outcome="Passed" testListId="8c84fa94-04c1-424b-9868-57a2d4851a1d" relativeResultsDirectory="0cdf6d1e-ad43-499a-8547-0dea8e746b42">
    </UnitTestResult>
    <UnitTestResult executionId="cc3818d6-583e-41af-a89d-c8cf30a9354d" testId="23e97091-2ff8-3ecc-cebd-0b2b7d0dcc31" testName="GetLatestPollingTimeoutsTest" computerName="WCS-DEMO01" duration="00:00:00.5611069" startTime="2013-05-01T16:55:18.8625791+01:00" endTime="2013-05-01T16:55:19.4251043+01:00" testType="13cdc9d9-ddb5-4fa4-a97d-d965ccfc6d4b" outcome="Passed" testListId="8c84fa94-04c1-424b-9868-57a2d4851a1d" relativeResultsDirectory="cc3818d6-583e-41af-a89d-c8cf30a9354d">
      <Output>
        <StdErr>log4net:ERROR XmlConfigurator: Failed to parse config file. Is the &lt;configSections&gt; specified as: &lt;section name="log4net" type="log4net.Config.Log4NetConfigurationSectionHandler,log4net, Version=1.2.10.0, Culture=neutral, PublicKeyToken=737bc70442f2c4af" /&gt;
System.Configuration.ConfigurationErrorsException: An error occurred creating the configuration section handler for log4net: Could not load type 'log4net.Config.Log4NetConfigurationSectionHandler' from assembly 'System.Configuration, Version=4.0.0.0, Culture=neutral, PublicKeyToken=b03f5f7f11d50a3a'. (C:\TFS\WCS\Content\Code\Database\WcsDB\DeploymentBatchFiles\TestResults\Administrator_WCS-DEMO01 2013-05-01 16_55_06\Out\WCS.Services.Test.DLL.config line 4) ---&gt; System.TypeLoadException: Could not load type 'log4net.Config.Log4NetConfigurationSectionHandler' from assembly 'System.Configuration, Version=4.0.0.0, Culture=neutral, PublicKeyToken=b03f5f7f11d50a3a'.
   at System.Configuration.TypeUtil.GetTypeWithReflectionPermission(IInternalConfigHost host, String typeString, Boolean throwOnError)
   at System.Configuration.RuntimeConfigurationRecord.RuntimeConfigurationFactory.Init(RuntimeConfigurationRecord configRecord, FactoryRecord factoryRecord)
   at System.Configuration.RuntimeConfigurationRecord.RuntimeConfigurationFactory.InitWithRestrictedPermissions(RuntimeConfigurationRecord configRecord, FactoryRecord factoryRecord)
   at System.Configuration.RuntimeConfigurationRecord.CreateSectionFactory(FactoryRecord factoryRecord)
   at System.Configuration.BaseConfigurationRecord.FindAndEnsureFactoryRecord(String configKey, Boolean&amp; isRootDeclaredHere)
   --- End of inner exception stack trace ---
   at System.Configuration.BaseConfigurationRecord.FindAndEnsureFactoryRecord(String configKey, Boolean&amp; isRootDeclaredHere)
   at System.Configuration.BaseConfigurationRecord.GetSectionRecursive(String configKey, Boolean getLkg, Boolean checkPermission, Boolean getRuntimeObject, Boolean requestIsHere, Object&amp; result, Object&amp; resultRuntimeObject)
   at System.Configuration.BaseConfigurationRecord.GetSection(String configKey)
   at System.Configuration.ClientConfigurationSystem.System.Configuration.Internal.IInternalConfigSystem.GetSection(String sectionName)
   at System.Configuration.ConfigurationManager.GetSection(String sectionName)
   at log4net.Config.XmlConfigurator.Configure(ILoggerRepository repository)</StdErr>
        <DebugTrace>log4net:ERROR XmlConfigurator: Failed to parse config file. Is the &lt;configSections&gt; specified as: &lt;section name="log4net" type="log4net.Config.Log4NetConfigurationSectionHandler,log4net, Version=1.2.10.0, Culture=neutral, PublicKeyToken=737bc70442f2c4af" /&gt;
System.Configuration.ConfigurationErrorsException: An error occurred creating the configuration section handler for log4net: Could not load type 'log4net.Config.Log4NetConfigurationSectionHandler' from assembly 'System.Configuration, Version=4.0.0.0, Culture=neutral, PublicKeyToken=b03f5f7f11d50a3a'. (C:\TFS\WCS\Content\Code\Database\WcsDB\DeploymentBatchFiles\TestResults\Administrator_WCS-DEMO01 2013-05-01 16_55_06\Out\WCS.Services.Test.DLL.config line 4) ---&gt; System.TypeLoadException: Could not load type 'log4net.Config.Log4NetConfigurationSectionHandler' from assembly 'System.Configuration, Version=4.0.0.0, Culture=neutral, PublicKeyToken=b03f5f7f11d50a3a'.
   at System.Configuration.TypeUtil.GetTypeWithReflectionPermission(IInternalConfigHost host, String typeString, Boolean throwOnError)
   at System.Configuration.RuntimeConfigurationRecord.RuntimeConfigurationFactory.Init(RuntimeConfigurationRecord configRecord, FactoryRecord factoryRecord)
   at System.Configuration.RuntimeConfigurationRecord.RuntimeConfigurationFactory.InitWithRestrictedPermissions(RuntimeConfigurationRecord configRecord, FactoryRecord factoryRecord)
   at System.Configuration.RuntimeConfigurationRecord.CreateSectionFactory(FactoryRecord factoryRecord)
   at System.Configuration.BaseConfigurationRecord.FindAndEnsureFactoryRecord(String configKey, Boolean&amp; isRootDeclaredHere)
   --- End of inner exception stack trace ---
   at System.Configuration.BaseConfigurationRecord.FindAndEnsureFactoryRecord(String configKey, Boolean&amp; isRootDeclaredHere)
   at System.Configuration.BaseConfigurationRecord.GetSectionRecursive(String configKey, Boolean getLkg, Boolean checkPermission, Boolean getRuntimeObject, Boolean requestIsHere, Object&amp; result, Object&amp; resultRuntimeObject)
   at System.Configuration.BaseConfigurationRecord.GetSection(String configKey)
   at System.Configuration.ClientConfigurationSystem.System.Configuration.Internal.IInternalConfigSystem.GetSection(String sectionName)
   at System.Configuration.ConfigurationManager.GetSection(String sectionName)
   at log4net.Config.XmlConfigurator.Configure(ILoggerRepository repository)
</DebugTrace>
      </Output>
    </UnitTestResult>
    <UnitTestResult executionId="d73d9a39-8b26-42aa-bd88-ed28f350c3a2" testId="9b8d40e2-a4bb-0826-a917-2ab891e698a4" testName="NotificationTypeToVisibilityConverterTest" computerName="WCS-DEMO01" duration="00:00:00.0245543" startTime="2013-05-01T16:55:19.4407300+01:00" endTime="2013-05-01T16:55:19.4719814+01:00" testType="13cdc9d9-ddb5-4fa4-a97d-d965ccfc6d4b" outcome="Passed" testListId="8c84fa94-04c1-424b-9868-57a2d4851a1d" relativeResultsDirectory="d73d9a39-8b26-42aa-bd88-ed28f350c3a2">
    </UnitTestResult>
    <UnitTestResult executionId="e3ac1d67-7bd0-450e-9a69-f1db3aeeb5c9" testId="e77a3200-2992-57c3-5b1a-5d48c5a58186" testName="InsertRfidDetectionsThatShouldHaveHappenedByNow" computerName="WCS-DEMO01" duration="00:00:04.0809812" startTime="2013-05-01T16:55:19.4719814+01:00" endTime="2013-05-01T16:55:23.5502891+01:00" testType="13cdc9d9-ddb5-4fa4-a97d-d965ccfc6d4b" outcome="Passed" testListId="8c84fa94-04c1-424b-9868-57a2d4851a1d" relativeResultsDirectory="e3ac1d67-7bd0-450e-9a69-f1db3aeeb5c9">
    </UnitTestResult>
    <UnitTestResult executionId="7c988b61-1411-49a6-a70f-052aceaaffeb" testId="7c77a401-1bd8-0cca-c942-1457767d92c8" testName="MarkBedsAsCleanDemoData" computerName="WCS-DEMO01" duration="00:00:02.7877410" startTime="2013-05-01T16:55:23.5659148+01:00" endTime="2013-05-01T16:55:26.3472894+01:00" testType="13cdc9d9-ddb5-4fa4-a97d-d965ccfc6d4b" outcome="Passed" testListId="8c84fa94-04c1-424b-9868-57a2d4851a1d" relativeResultsDirectory="7c988b61-1411-49a6-a70f-052aceaaffeb">
    </UnitTestResult>
    <UnitTestResult executionId="275945b1-71b3-47a8-b844-5724728205fa" testId="d500072f-2be3-fbbe-20e2-24855874311e" testName="SetORDN008ToHappenSoonForDemo" computerName="WCS-DEMO01" duration="00:00:00.2856621" startTime="2013-05-01T16:55:26.3472894+01:00" endTime="2013-05-01T16:55:26.6441777+01:00" testType="13cdc9d9-ddb5-4fa4-a97d-d965ccfc6d4b" outcome="Passed" testListId="8c84fa94-04c1-424b-9868-57a2d4851a1d" relativeResultsDirectory="275945b1-71b3-47a8-b844-5724728205fa">
    </UnitTestResult>
    <UnitTestResult executionId="cb48d03d-8718-4c95-8235-f425838284a5" testId="147579d1-0816-7d01-6737-d0c879871a05" testName="FilterByAdmissionStatusTest" computerName="WCS-DEMO01" duration="00:00:00.2225673" startTime="2013-05-01T16:55:26.6441777+01:00" endTime="2013-05-01T16:55:26.8629375+01:00" testType="13cdc9d9-ddb5-4fa4-a97d-d965ccfc6d4b" outcome="Passed" testListId="8c84fa94-04c1-424b-9868-57a2d4851a1d" relativeResultsDirectory="cb48d03d-8718-4c95-8235-f425838284a5">
    </UnitTestResult>
    <UnitTestResult executionId="00d6b289-8eee-4658-a17c-d1f2feaf2e28" testId="62824bc3-7f37-c130-ae0b-5298764213da" testName="FilterByAdmissionTypeTest" computerName="WCS-DEMO01" duration="00:00:00.0043473" startTime="2013-05-01T16:55:26.8785632+01:00" endTime="2013-05-01T16:55:26.8785632+01:00" testType="13cdc9d9-ddb5-4fa4-a97d-d965ccfc6d4b" outcome="Passed" testListId="8c84fa94-04c1-424b-9868-57a2d4851a1d" relativeResultsDirectory="00d6b289-8eee-4658-a17c-d1f2feaf2e28">
    </UnitTestResult>
    <UnitTestResult executionId="1ceaf917-7e9c-457e-a33c-18496a63467e" testId="94a7e3d7-1537-ec4c-f18f-0881118cd982" testName="FilterByLocationTest" computerName="WCS-DEMO01" duration="00:00:00.0057526" startTime="2013-05-01T16:55:26.8785632+01:00" endTime="2013-05-01T16:55:26.8941889+01:00" testType="13cdc9d9-ddb5-4fa4-a97d-d965ccfc6d4b" outcome="Passed" testListId="8c84fa94-04c1-424b-9868-57a2d4851a1d" relativeResultsDirectory="1ceaf917-7e9c-457e-a33c-18496a63467e">
    </UnitTestResult>
    <UnitTestResult executionId="d865ae78-96c0-4c69-9e7b-56b622189f2f" testId="1ceadb69-45fb-9717-0bfb-587b493621bd" testName="FilterByOrderStatusTest" computerName="WCS-DEMO01" duration="00:00:00.0953425" startTime="2013-05-01T16:55:26.8941889+01:00" endTime="2013-05-01T16:55:26.9879431+01:00" testType="13cdc9d9-ddb5-4fa4-a97d-d965ccfc6d4b" outcome="Passed" testListId="8c84fa94-04c1-424b-9868-57a2d4851a1d" relativeResultsDirectory="d865ae78-96c0-4c69-9e7b-56b622189f2f">
    </UnitTestResult>
    <UnitTestResult executionId="0cfb6c14-552e-4130-9095-5ffd26067ccd" testId="b6528b9d-e903-1b26-d4c9-51bbd40b6112" testName="FilterByOrderStatusWithHiddenFlagTest" computerName="WCS-DEMO01" duration="00:00:00.0571725" startTime="2013-05-01T16:55:27.0035688+01:00" endTime="2013-05-01T16:55:27.0504459+01:00" testType="13cdc9d9-ddb5-4fa4-a97d-d965ccfc6d4b" outcome="Passed" testListId="8c84fa94-04c1-424b-9868-57a2d4851a1d" relativeResultsDirectory="0cfb6c14-552e-4130-9095-5ffd26067ccd">
    </UnitTestResult>
    <UnitTestResult executionId="84a6769b-b950-4eb2-8415-31eb62af50e8" testId="7c8c2656-5bd9-c7fe-d42d-102cc5d7d271" testName="GetPresenceDataTest" computerName="WCS-DEMO01" duration="00:00:00.3039108" startTime="2013-05-01T16:55:27.0660716+01:00" endTime="2013-05-01T16:55:27.3629599+01:00" testType="13cdc9d9-ddb5-4fa4-a97d-d965ccfc6d4b" outcome="Passed" testListId="8c84fa94-04c1-424b-9868-57a2d4851a1d" relativeResultsDirectory="84a6769b-b950-4eb2-8415-31eb62af50e8">
    </UnitTestResult>
    <UnitTestResult executionId="dc2650c3-c0a8-4a35-ab79-4353b020bb4d" testId="180c2d50-017b-40d1-084e-d7b311e765f7" testName="GetAllFreeBedTimesForDateTest" computerName="WCS-DEMO01" duration="00:00:00.2762445" startTime="2013-05-01T16:55:27.3785856+01:00" endTime="2013-05-01T16:55:27.6598482+01:00" testType="13cdc9d9-ddb5-4fa4-a97d-d965ccfc6d4b" outcome="Passed" testListId="8c84fa94-04c1-424b-9868-57a2d4851a1d" relativeResultsDirectory="dc2650c3-c0a8-4a35-ab79-4353b020bb4d">
    </UnitTestResult>
    <UnitTestResult executionId="5412c910-dc37-4f8e-9927-0e12a6e5e174" testId="adca6ef4-26ca-d134-e987-7c004554926e" testName="GetAllGetDischargesBedDataTest" computerName="WCS-DEMO01" duration="00:00:00.0900117" startTime="2013-05-01T16:55:27.6598482+01:00" endTime="2013-05-01T16:55:27.7536024+01:00" testType="13cdc9d9-ddb5-4fa4-a97d-d965ccfc6d4b" outcome="Passed" testListId="8c84fa94-04c1-424b-9868-57a2d4851a1d" relativeResultsDirectory="5412c910-dc37-4f8e-9927-0e12a6e5e174">
    </UnitTestResult>
    <UnitTestResult executionId="5fcc3e46-dc0e-439a-a131-dccd89f96d2f" testId="3c343507-d1e1-44ae-6f0c-5e13d4222c04" testName="UpdatingEstimatedDischargeDateShouldCreateAnUpdateRecordTest" computerName="WCS-DEMO01" duration="00:00:00.1203306" startTime="2013-05-01T16:55:27.7536024+01:00" endTime="2013-05-01T16:55:27.8786080+01:00" testType="13cdc9d9-ddb5-4fa4-a97d-d965ccfc6d4b" outcome="Passed" testListId="8c84fa94-04c1-424b-9868-57a2d4851a1d" relativeResultsDirectory="5fcc3e46-dc0e-439a-a131-dccd89f96d2f">
    </UnitTestResult>
    <UnitTestResult executionId="0b92bc7b-8014-4e31-ac0c-67bb515b2d78" testId="ac28ed18-7833-2249-071f-de031c631001" testName="AcknowledgeNotificationTest" computerName="WCS-DEMO01" duration="00:00:00.2032795" startTime="2013-05-01T16:55:27.8942337+01:00" endTime="2013-05-01T16:55:28.0973678+01:00" testType="13cdc9d9-ddb5-4fa4-a97d-d965ccfc6d4b" outcome="Passed" testListId="8c84fa94-04c1-424b-9868-57a2d4851a1d" relativeResultsDirectory="0b92bc7b-8014-4e31-ac0c-67bb515b2d78">
    </UnitTestResult>
    <UnitTestResult executionId="add4eab5-6dd5-4bdd-bb05-d3868f5995f7" testId="a212e1f0-7bc2-05c6-61d7-b8fcde1c7c77" testName="AddDeleteNoteTest" computerName="WCS-DEMO01" duration="00:00:00.2422596" startTime="2013-05-01T16:55:28.0973678+01:00" endTime="2013-05-01T16:55:28.3473790+01:00" testType="13cdc9d9-ddb5-4fa4-a97d-d965ccfc6d4b" outcome="Passed" testListId="8c84fa94-04c1-424b-9868-57a2d4851a1d" relativeResultsDirectory="add4eab5-6dd5-4bdd-bb05-d3868f5995f7">
    </UnitTestResult>
    <UnitTestResult executionId="f7e0e493-b8d0-4c96-aae5-e83ee5568f89" testId="3691d567-a2db-4db2-56d6-acf052542f7c" testName="CheckEmergencyRoomOrderTest" computerName="WCS-DEMO01" duration="00:00:00.1795336" startTime="2013-05-01T16:55:28.3630047+01:00" endTime="2013-05-01T16:55:28.5348874+01:00" testType="13cdc9d9-ddb5-4fa4-a97d-d965ccfc6d4b" outcome="Passed" testListId="8c84fa94-04c1-424b-9868-57a2d4851a1d" relativeResultsDirectory="f7e0e493-b8d0-4c96-aae5-e83ee5568f89">
    </UnitTestResult>
    <UnitTestResult executionId="0a60c91e-b684-472a-aad4-24ccb0458c12" testId="d4ebea90-2572-8675-7029-24a6b9f7912f" testName="CheckOrdersForPatientWithTwoAdmissionsTest" computerName="WCS-DEMO01" duration="00:00:00.3634386" startTime="2013-05-01T16:55:28.5505131+01:00" endTime="2013-05-01T16:55:28.9099042+01:00" testType="13cdc9d9-ddb5-4fa4-a97d-d965ccfc6d4b" outcome="Passed" testListId="8c84fa94-04c1-424b-9868-57a2d4851a1d" relativeResultsDirectory="0a60c91e-b684-472a-aad4-24ccb0458c12">
    </UnitTestResult>
    <UnitTestResult executionId="b40cc7da-584c-45ad-bd22-d12b26369ed5" testId="5d2f9417-1f36-e1be-26e0-1ddd5ac50a01" testName="CheckPatientRadiationRiskTest" computerName="WCS-DEMO01" duration="00:00:01.0393119" startTime="2013-05-01T16:55:28.9255299+01:00" endTime="2013-05-01T16:55:29.9568261+01:00" testType="13cdc9d9-ddb5-4fa4-a97d-d965ccfc6d4b" outcome="Passed" testListId="8c84fa94-04c1-424b-9868-57a2d4851a1d" relativeResultsDirectory="b40cc7da-584c-45ad-bd22-d12b26369ed5">
    </UnitTestResult>
    <UnitTestResult executionId="247b746d-4635-4515-98ba-89d2f1d3313d" testId="2ed6a8bd-1f45-d715-61c1-545276912be4" testName="DeleteNoteFailTest" computerName="WCS-DEMO01" duration="00:00:00.3304636" startTime="2013-05-01T16:55:29.9724518+01:00" endTime="2013-05-01T16:55:30.3005915+01:00" testType="13cdc9d9-ddb5-4fa4-a97d-d965ccfc6d4b" outcome="Passed" testListId="8c84fa94-04c1-424b-9868-57a2d4851a1d" relativeResultsDirectory="247b746d-4635-4515-98ba-89d2f1d3313d">
    </UnitTestResult>
    <UnitTestResult executionId="6460d713-57ca-449d-b019-ffed80fd5314" testId="90b6d056-82b8-5748-e91c-81b6feec3e65" testName="GetOrdersForAllLocationsTest" computerName="WCS-DEMO01" duration="00:00:00.2219376" startTime="2013-05-01T16:55:30.3162172+01:00" endTime="2013-05-01T16:55:30.5349770+01:00" testType="13cdc9d9-ddb5-4fa4-a97d-d965ccfc6d4b" outcome="Passed" testListId="8c84fa94-04c1-424b-9868-57a2d4851a1d" relativeResultsDirectory="6460d713-57ca-449d-b019-ffed80fd5314">
    </UnitTestResult>
    <UnitTestResult executionId="76ad0897-9d62-4326-9bf5-275f116de6fd" testId="6acbb951-eb71-fb99-8ddf-ab7f75a91729" testName="GetOrdersForOneDepartmentTest" computerName="WCS-DEMO01" duration="00:00:00.2440100" startTime="2013-05-01T16:55:30.5349770+01:00" endTime="2013-05-01T16:55:30.7849882+01:00" testType="13cdc9d9-ddb5-4fa4-a97d-d965ccfc6d4b" outcome="Passed" testListId="8c84fa94-04c1-424b-9868-57a2d4851a1d" relativeResultsDirectory="76ad0897-9d62-4326-9bf5-275f116de6fd">
    </UnitTestResult>
    <UnitTestResult executionId="0cc275eb-f8e3-40f9-b32f-72d71ecd6c88" testId="fd0a1761-2fa5-6106-02d8-2b29836676e9" testName="GetOrdersForOneWardTest" computerName="WCS-DEMO01" duration="00:00:00.2945614" startTime="2013-05-01T16:55:30.8006139+01:00" endTime="2013-05-01T16:55:31.0975022+01:00" testType="13cdc9d9-ddb5-4fa4-a97d-d965ccfc6d4b" outcome="Passed" testListId="8c84fa94-04c1-424b-9868-57a2d4851a1d" relativeResultsDirectory="0cc275eb-f8e3-40f9-b32f-72d71ecd6c88">
    </UnitTestResult>
    <UnitTestResult executionId="576c3661-1963-43fe-aa1f-3abf36bb664f" testId="706b359a-a6a6-75cb-07b9-35e158a1398a" testName="HideUnhideOrderTest" computerName="WCS-DEMO01" duration="00:00:00.2306751" startTime="2013-05-01T16:55:31.0975022+01:00" endTime="2013-05-01T16:55:31.3318877+01:00" testType="13cdc9d9-ddb5-4fa4-a97d-d965ccfc6d4b" outcome="Passed" testListId="8c84fa94-04c1-424b-9868-57a2d4851a1d" relativeResultsDirectory="576c3661-1963-43fe-aa1f-3abf36bb664f">
    </UnitTestResult>
    <UnitTestResult executionId="d96fdb9c-9395-47de-b715-148f0a475091" testId="01b49734-9a95-3356-f525-6254544b49b4" testName="LookAtOrderInDetailTest" computerName="WCS-DEMO01" duration="00:00:00.1608123" startTime="2013-05-01T16:55:31.3318877+01:00" endTime="2013-05-01T16:55:31.5037704+01:00" testType="13cdc9d9-ddb5-4fa4-a97d-d965ccfc6d4b" outcome="Passed" testListId="8c84fa94-04c1-424b-9868-57a2d4851a1d" relativeResultsDirectory="d96fdb9c-9395-47de-b715-148f0a475091">
    </UnitTestResult>
    <UnitTestResult executionId="78d312e1-7418-44bc-bdf7-ea049c038fa4" testId="aa578b34-4332-1a73-0f9c-1cecca014087" testName="RelatedOrdersTest" computerName="WCS-DEMO01" duration="00:00:00.1818607" startTime="2013-05-01T16:55:31.5037704+01:00" endTime="2013-05-01T16:55:31.6912788+01:00" testType="13cdc9d9-ddb5-4fa4-a97d-d965ccfc6d4b" outcome="Passed" testListId="8c84fa94-04c1-424b-9868-57a2d4851a1d" relativeResultsDirectory="78d312e1-7418-44bc-bdf7-ea049c038fa4">
    </UnitTestResult>
    <UnitTestResult executionId="fe2d5546-4582-42dc-83ac-d91aa16474da" testId="5ee44f0b-f581-d009-1bb2-ef38afd0bdc0" testName="UpdateProcedureTimeTest" computerName="WCS-DEMO01" duration="00:00:00.1972676" startTime="2013-05-01T16:55:31.7069045+01:00" endTime="2013-05-01T16:55:31.9100386+01:00" testType="13cdc9d9-ddb5-4fa4-a97d-d965ccfc6d4b" outcome="Passed" testListId="8c84fa94-04c1-424b-9868-57a2d4851a1d" relativeResultsDirectory="fe2d5546-4582-42dc-83ac-d91aa16474da">
    </UnitTestResult>
    <UnitTestResult executionId="9672ca8d-729a-492d-a2c6-963ce2efe59b" testId="86000e48-b18e-94a0-5184-f2457dcc7ac6" testName="SyncronizeAndThenUpdateProcedureTimeTest" computerName="WCS-DEMO01" duration="00:00:02.1078284" startTime="2013-05-01T16:55:31.9100386+01:00" endTime="2013-05-01T16:55:34.0351338+01:00" testType="13cdc9d9-ddb5-4fa4-a97d-d965ccfc6d4b" outcome="Failed" testListId="8c84fa94-04c1-424b-9868-57a2d4851a1d" relativeResultsDirectory="9672ca8d-729a-492d-a2c6-963ce2efe59b">
      <Output>
        <ErrorInfo>
          <Message>Assert.AreNotEqual failed. Expected any value except:&lt;12:00:00&gt;. Actual:&lt;12:00:00&gt;. </Message>
          <StackTrace>   at WCS.Services.Test.OrderViewModelTest.SyncronizeAndThenUpdateProcedureTimeTest() in c:\TFS\WCS\Content\Code\Server\WCS.Services.Test\ViewModel\OrderViewModelTest.cs:line 112
</StackTrace>
        </ErrorInfo>
      </Output>
    </UnitTestResult>
    <UnitTestResult executionId="a05f91d8-1d59-4d89-a4f0-3335919ee7a9" testId="7a7a3263-10ac-0d9d-dc5c-c34b5219adf5" testName="SyncronizeProcedureTimeTest" computerName="WCS-DEMO01" duration="00:00:00.0145794" startTime="2013-05-01T16:55:34.0507595+01:00" endTime="2013-05-01T16:55:34.0663852+01:00" testType="13cdc9d9-ddb5-4fa4-a97d-d965ccfc6d4b" outcome="Passed" testListId="8c84fa94-04c1-424b-9868-57a2d4851a1d" relativeResultsDirectory="a05f91d8-1d59-4d89-a4f0-3335919ee7a9">
      <Output>
        <DebugTrace>Start Time: 14:00:00
</DebugTrace>
      </Output>
    </UnitTestResult>
    <UnitTestResult executionId="16d52da1-4543-44d8-beeb-5951fe634c94" testId="aed6e57c-8ae5-1ec4-7df4-be7cb9a3ba60" testName="SyncronizeTest" computerName="WCS-DEMO01" duration="00:00:00.0103312" startTime="2013-05-01T16:55:34.0820109+01:00" endTime="2013-05-01T16:55:34.0976366+01:00" testType="13cdc9d9-ddb5-4fa4-a97d-d965ccfc6d4b" outcome="Passed" testListId="8c84fa94-04c1-424b-9868-57a2d4851a1d" relativeResultsDirectory="16d52da1-4543-44d8-beeb-5951fe634c94">
    </UnitTestResult>
    <UnitTestResult executionId="090ce178-59bf-451f-a16d-9baab35ad49e" testId="dd302f63-b65f-08ec-a43e-ed2d5c5fa0d5" testName="UpdateProcedureTimeTest" computerName="WCS-DEMO01" duration="00:00:02.0014690" startTime="2013-05-01T16:55:34.0976366+01:00" endTime="2013-05-01T16:55:36.1133519+01:00" testType="13cdc9d9-ddb5-4fa4-a97d-d965ccfc6d4b" outcome="Passed" testListId="8c84fa94-04c1-424b-9868-57a2d4851a1d" relativeResultsDirectory="090ce178-59bf-451f-a16d-9baab35ad49e">
      <Output>
        <DebugTrace>Start Time: 14:00:00
Start Time: 14:00:00
</DebugTrace>
      </Output>
    </UnitTestResult>
    <UnitTestResult executionId="eebf79cf-43ca-4837-9e22-a12031448a1c" testId="9fd5787b-1fba-b8fb-7877-005945c878de" testName="UpdateProcedureTimeWithSyncronizationDuringUpdateTest" computerName="WCS-DEMO01" duration="00:00:02.2052053" startTime="2013-05-01T16:55:36.1133519+01:00" endTime="2013-05-01T16:55:38.3165756+01:00" testType="13cdc9d9-ddb5-4fa4-a97d-d965ccfc6d4b" outcome="Passed" testListId="8c84fa94-04c1-424b-9868-57a2d4851a1d" relativeResultsDirectory="eebf79cf-43ca-4837-9e22-a12031448a1c">
      <Output>
        <DebugTrace>Start Time: 14:00:00
</DebugTrace>
      </Output>
    </UnitTestResult>
    <UnitTestResult executionId="57e43d34-2d3f-434f-bee9-1e782ac6b7aa" testId="08de56d0-12bd-2f75-df12-b0e872d63c53" testName="PAT001RfidTest" computerName="WCS-DEMO01" duration="00:00:00.4852101" startTime="2013-05-01T16:55:38.3322013+01:00" endTime="2013-05-01T16:55:38.8322237+01:00" testType="13cdc9d9-ddb5-4fa4-a97d-d965ccfc6d4b" outcome="Passed" testListId="8c84fa94-04c1-424b-9868-57a2d4851a1d" relativeResultsDirectory="57e43d34-2d3f-434f-bee9-1e782ac6b7aa">
    </UnitTestResult>
    <UnitTestResult executionId="ddad558d-acc6-4446-9d6e-d5767aa27fdd" testId="ca4b34fe-1f28-609f-1b42-a878fd7e8bbf" testName="AuthenticateFailTest" computerName="WCS-DEMO01" duration="00:00:00.0478454" startTime="2013-05-01T16:55:38.8322237+01:00" endTime="2013-05-01T16:55:38.8791008+01:00" testType="13cdc9d9-ddb5-4fa4-a97d-d965ccfc6d4b" outcome="Passed" testListId="8c84fa94-04c1-424b-9868-57a2d4851a1d" relativeResultsDirectory="ddad558d-acc6-4446-9d6e-d5767aa27fdd">
    </UnitTestResult>
    <UnitTestResult executionId="86afd129-2a14-4d8d-8ade-d1e230716c74" testId="0a57bcbb-7ab6-367a-6f83-d95617eecd13" testName="AuthenticateSuccessTest" computerName="WCS-DEMO01" duration="00:00:00.0257039" startTime="2013-05-01T16:55:38.9103522+01:00" endTime="2013-05-01T16:55:38.9416036+01:00" testType="13cdc9d9-ddb5-4fa4-a97d-d965ccfc6d4b" outcome="Passed" testListId="8c84fa94-04c1-424b-9868-57a2d4851a1d" relativeResultsDirectory="86afd129-2a14-4d8d-8ade-d1e230716c74">
    </UnitTestResult>
    <UnitTestResult executionId="8a62929d-ab13-4041-b115-9e548e40586d" testId="b165b39e-5b0c-abea-5b39-75b39d4ee541" testName="NoteOutTest" computerName="WCS-DEMO01" duration="00:00:00.0177588" startTime="2013-05-01T16:55:38.9572293+01:00" endTime="2013-05-01T16:55:38.9884807+01:00" testType="13cdc9d9-ddb5-4fa4-a97d-d965ccfc6d4b" outcome="Passed" testListId="8c84fa94-04c1-424b-9868-57a2d4851a1d" relativeResultsDirectory="8a62929d-ab13-4041-b115-9e548e40586d">
    </UnitTestResult>
    <UnitTestResult executionId="177e24ba-26af-4063-b4cd-3a2e1505b0c8" testId="807586a3-dd80-e35a-be55-8a7820ed2e2a" testName="OrderCompletedTest" computerName="WCS-DEMO01" duration="00:00:00.0033862" startTime="2013-05-01T16:55:38.9884807+01:00" endTime="2013-05-01T16:55:39.0041064+01:00" testType="13cdc9d9-ddb5-4fa4-a97d-d965ccfc6d4b" outcome="Passed" testListId="8c84fa94-04c1-424b-9868-57a2d4851a1d" relativeResultsDirectory="177e24ba-26af-4063-b4cd-3a2e1505b0c8">
    </UnitTestResult>
    <UnitTestResult executionId="d5bd8542-dfe5-4dab-a7b0-1ebccce85c8f" testId="de2cd584-4eca-b743-8342-64583efb12aa" testName="FilterByLocationTest" computerName="WCS-DEMO01" duration="00:00:00.0849536" startTime="2013-05-01T16:55:39.0041064+01:00" endTime="2013-05-01T16:55:39.0978606+01:00" testType="13cdc9d9-ddb5-4fa4-a97d-d965ccfc6d4b" outcome="Passed" testListId="8c84fa94-04c1-424b-9868-57a2d4851a1d" relativeResultsDirectory="d5bd8542-dfe5-4dab-a7b0-1ebccce85c8f">
    </UnitTestResult>
    <UnitTestResult executionId="e625ddfb-ee85-4b15-bfcc-c419a8b42011" testId="b0e39bf3-43ea-a19c-d6f5-eff49b5d247c" testName="FilterByOrderStatusTest" computerName="WCS-DEMO01" duration="00:00:00.1040674" startTime="2013-05-01T16:55:39.0978606+01:00" endTime="2013-05-01T16:55:39.2072405+01:00" testType="13cdc9d9-ddb5-4fa4-a97d-d965ccfc6d4b" outcome="Passed" testListId="8c84fa94-04c1-424b-9868-57a2d4851a1d" relativeResultsDirectory="e625ddfb-ee85-4b15-bfcc-c419a8b42011">
    </UnitTestResult>
    <UnitTestResult executionId="3efe8dd2-c8ed-477a-baa5-b01455658ecc" testId="6035bdea-c63f-c9fd-76c4-96ad98562066" testName="FilterByOrderStatusWithHiddenFlagTest" computerName="WCS-DEMO01" duration="00:00:00.0947027" startTime="2013-05-01T16:55:39.2072405+01:00" endTime="2013-05-01T16:55:39.3166204+01:00" testType="13cdc9d9-ddb5-4fa4-a97d-d965ccfc6d4b" outcome="Passed" testListId="8c84fa94-04c1-424b-9868-57a2d4851a1d" relativeResultsDirectory="3efe8dd2-c8ed-477a-baa5-b01455658ecc">
    </UnitTestResult>
  </Results>
</TestRun>